---
source: crates/forge-semantic/tests/compile.rs
assertion_line: 27
expression: out.ir.unwrap()
---
{
  "version": "domain-ir/1",
  "package": {
    "name": "@acme/commerce",
    "version": "0.1.0",
    "edition": "2026",
    "profile": "portable-v1",
    "targets": [
      "cloudflare-d1",
      "aws-dynamodb"
    ]
  },
  "imports": [
    {
      "alias": "payments",
      "package": "@acme/payments"
    }
  ],
  "modules": [
    {
      "id": "_",
      "enums": [
        {
          "id": "@acme/commerce/_/CustomerTier",
          "name": "CustomerTier",
          "exported": true,
          "synthesized": false,
          "members": [
            {
              "name": "Standard",
              "value": "standard"
            },
            {
              "name": "Gold",
              "value": "gold"
            },
            {
              "name": "Enterprise",
              "value": "enterprise"
            }
          ]
        },
        {
          "id": "@acme/commerce/_/Order.Status",
          "name": "Order.Status",
          "exported": true,
          "synthesized": true,
          "members": [
            {
              "name": "Draft",
              "value": "Draft"
            },
            {
              "name": "Completed",
              "value": "Completed"
            },
            {
              "name": "Cancelled",
              "value": "Cancelled"
            },
            {
              "name": "Submitted",
              "value": "Submitted"
            },
            {
              "name": "Approved",
              "value": "Approved"
            }
          ]
        }
      ],
      "types": [
        {
          "id": "@acme/commerce/_/CustomerCode",
          "name": "CustomerCode",
          "exported": true,
          "type": {
            "base": {
              "kind": "scalar",
              "name": "text",
              "args": []
            },
            "optional": false,
            "normalizers": [
              "trim",
              "uppercase"
            ],
            "constraints": [
              {
                "kind": "length",
                "min": 3,
                "max": 32
              }
            ]
          }
        },
        {
          "id": "@acme/commerce/_/OrderAmount",
          "name": "OrderAmount",
          "exported": true,
          "type": {
            "base": {
              "kind": "scalar",
              "name": "money",
              "args": [
                "USD"
              ]
            },
            "optional": false,
            "normalizers": [],
            "constraints": [
              {
                "kind": "compare",
                "op": ">=",
                "value": {
                  "type": "int",
                  "value": "0"
                }
              }
            ]
          }
        }
      ],
      "shapes": [
        {
          "id": "@acme/commerce/_/Address",
          "name": "Address",
          "exported": true,
          "fields": [
            {
              "name": "line1",
              "type": {
                "base": {
                  "kind": "scalar",
                  "name": "text",
                  "args": []
                },
                "optional": false,
                "normalizers": [],
                "constraints": [
                  {
                    "kind": "length",
                    "min": 1,
                    "max": 200
                  }
                ]
              },
              "immutable": false,
              "serverOwned": false,
              "synthesized": false
            },
            {
              "name": "line2",
              "type": {
                "base": {
                  "kind": "scalar",
                  "name": "text",
                  "args": []
                },
                "optional": true,
                "normalizers": [],
                "constraints": [
                  {
                    "kind": "length",
                    "max": 200
                  }
                ]
              },
              "immutable": false,
              "serverOwned": false,
              "synthesized": false
            },
            {
              "name": "city",
              "type": {
                "base": {
                  "kind": "scalar",
                  "name": "text",
                  "args": []
                },
                "optional": false,
                "normalizers": [],
                "constraints": [
                  {
                    "kind": "length",
                    "min": 1,
                    "max": 100
                  }
                ]
              },
              "immutable": false,
              "serverOwned": false,
              "synthesized": false
            },
            {
              "name": "country",
              "type": {
                "base": {
                  "kind": "scalar",
                  "name": "countryCode",
                  "args": []
                },
                "optional": false,
                "normalizers": [],
                "constraints": []
              },
              "immutable": false,
              "serverOwned": false,
              "synthesized": false
            }
          ]
        },
        {
          "id": "@acme/commerce/_/SubmitOrderInput",
          "name": "SubmitOrderInput",
          "exported": false,
          "fields": [
            {
              "name": "order",
              "type": {
                "base": {
                  "kind": "reference",
                  "resource": "@acme/commerce/_/Order"
                },
                "optional": false,
                "normalizers": [],
                "constraints": []
              },
              "immutable": false,
              "serverOwned": false,
              "synthesized": false
            },
            {
              "name": "expectedVersion",
              "type": {
                "base": {
                  "kind": "scalar",
                  "name": "integer",
                  "args": []
                },
                "optional": false,
                "normalizers": [],
                "constraints": [
                  {
                    "kind": "compare",
                    "op": ">=",
                    "value": {
                      "type": "int",
                      "value": "1"
                    }
                  }
                ]
              },
              "immutable": false,
              "serverOwned": false,
              "synthesized": false
            }
          ]
        }
      ],
      "resources": [
        {
          "id": "@acme/commerce/_/Customer",
          "name": "Customer",
          "kind": "resource",
          "exported": true,
          "doc": "A business that buys from Acme. Not the tenant.",
          "decorators": {
            "tenant": true,
            "timestamps": true,
            "softDelete": true,
            "versioned": true,
            "audited": true,
            "crud": {
              "path": "/v1/customers",
              "actions": []
            },
            "hierarchical": false
          },
          "fields": [
            {
              "name": "id",
              "type": {
                "base": {
                  "kind": "scalar",
                  "name": "id",
                  "args": []
                },
                "optional": false,
                "normalizers": [],
                "constraints": []
              },
              "immutable": true,
              "serverOwned": true,
              "synthesized": false
            },
            {
              "name": "code",
              "type": {
                "base": {
                  "kind": "scalar",
                  "name": "text",
                  "args": []
                },
                "optional": false,
                "normalizers": [
                  "trim",
                  "uppercase"
                ],
                "constraints": [
                  {
                    "kind": "length",
                    "min": 3,
                    "max": 32
                  }
                ]
              },
              "immutable": true,
              "serverOwned": false,
              "synthesized": false
            },
            {
              "name": "name",
              "type": {
                "base": {
                  "kind": "scalar",
                  "name": "text",
                  "args": []
                },
                "optional": false,
                "normalizers": [],
                "constraints": [
                  {
                    "kind": "length",
                    "min": 1,
                    "max": 200
                  }
                ]
              },
              "immutable": false,
              "serverOwned": false,
              "synthesized": false
            },
            {
              "name": "email",
              "type": {
                "base": {
                  "kind": "scalar",
                  "name": "email",
                  "args": []
                },
                "optional": true,
                "normalizers": [],
                "constraints": []
              },
              "immutable": false,
              "serverOwned": false,
              "synthesized": false
            },
            {
              "name": "tier",
              "type": {
                "base": {
                  "kind": "enum",
                  "id": "@acme/commerce/_/CustomerTier"
                },
                "optional": false,
                "normalizers": [],
                "constraints": []
              },
              "default": {
                "type": "enumMember",
                "value": {
                  "enum": "@acme/commerce/_/CustomerTier",
                  "member": "Standard"
                }
              },
              "immutable": false,
              "serverOwned": false,
              "synthesized": false
            },
            {
              "name": "version",
              "type": {
                "base": {
                  "kind": "scalar",
                  "name": "integer",
                  "args": []
                },
                "optional": false,
                "normalizers": [],
                "constraints": []
              },
              "immutable": false,
              "serverOwned": true,
              "synthesized": true
            },
            {
              "name": "createdAt",
              "type": {
                "base": {
                  "kind": "scalar",
                  "name": "datetime",
                  "args": []
                },
                "optional": false,
                "normalizers": [],
                "constraints": []
              },
              "immutable": false,
              "serverOwned": true,
              "synthesized": true
            },
            {
              "name": "updatedAt",
              "type": {
                "base": {
                  "kind": "scalar",
                  "name": "datetime",
                  "args": []
                },
                "optional": false,
                "normalizers": [],
                "constraints": []
              },
              "immutable": false,
              "serverOwned": true,
              "synthesized": true
            },
            {
              "name": "deletedAt",
              "type": {
                "base": {
                  "kind": "scalar",
                  "name": "datetime",
                  "args": []
                },
                "optional": true,
                "normalizers": [],
                "constraints": []
              },
              "immutable": false,
              "serverOwned": true,
              "synthesized": true
            }
          ],
          "uniques": [
            {
              "name": "code",
              "fields": [
                "code"
              ],
              "within": []
            }
          ],
          "finds": [
            {
              "name": "byCode",
              "fields": [
                "code"
              ],
              "coveredBy": "code"
            }
          ],
          "lists": [
            {
              "name": "all",
              "fields": [],
              "order": [
                {
                  "field": "id",
                  "direction": "asc"
                }
              ]
            },
            {
              "name": "byTier",
              "fields": [
                "tier"
              ],
              "order": [
                {
                  "field": "name",
                  "direction": "asc"
                },
                {
                  "field": "id",
                  "direction": "asc"
                }
              ]
            }
          ],
          "rules": [],
          "operations": [
            {
              "id": "@acme/commerce/_/Customer.create",
              "kind": "create",
              "http": {
                "method": "POST",
                "path": "/v1/customers"
              }
            },
            {
              "id": "@acme/commerce/_/Customer.get",
              "kind": "get",
              "http": {
                "method": "GET",
                "path": "/v1/customers/{id}"
              }
            },
            {
              "id": "@acme/commerce/_/Customer.update",
              "kind": "update",
              "http": {
                "method": "PATCH",
                "path": "/v1/customers/{id}"
              }
            },
            {
              "id": "@acme/commerce/_/Customer.delete",
              "kind": "delete",
              "http": {
                "method": "DELETE",
                "path": "/v1/customers/{id}"
              }
            },
            {
              "id": "@acme/commerce/_/Customer.restore",
              "kind": "restore",
              "http": {
                "method": "POST",
                "path": "/v1/customers/{id}/restore"
              }
            },
            {
              "id": "@acme/commerce/_/Customer.find.byCode",
              "kind": "find",
              "query": "byCode",
              "http": {
                "method": "GET",
                "path": "/v1/customers/queries/by-code"
              }
            },
            {
              "id": "@acme/commerce/_/Customer.list.all",
              "kind": "list",
              "query": "all",
              "http": {
                "method": "GET",
                "path": "/v1/customers"
              }
            },
            {
              "id": "@acme/commerce/_/Customer.list.byTier",
              "kind": "list",
              "query": "byTier",
              "http": {
                "method": "GET",
                "path": "/v1/customers/queries/by-tier"
              }
            }
          ]
        },
        {
          "id": "@acme/commerce/_/Department",
          "name": "Department",
          "kind": "resource",
          "exported": true,
          "doc": "Organizational units under a customer form a tree; moving a node never\nchanges its identity.",
          "decorators": {
            "tenant": true,
            "timestamps": true,
            "softDelete": false,
            "versioned": true,
            "audited": true,
            "crud": {
              "path": "/v1/departments",
              "actions": []
            },
            "hierarchical": true
          },
          "fields": [
            {
              "name": "id",
              "type": {
                "base": {
                  "kind": "scalar",
                  "name": "id",
                  "args": []
                },
                "optional": false,
                "normalizers": [],
                "constraints": []
              },
              "immutable": true,
              "serverOwned": true,
              "synthesized": false
            },
            {
              "name": "customer",
              "type": {
                "base": {
                  "kind": "reference",
                  "resource": "@acme/commerce/_/Customer"
                },
                "optional": false,
                "normalizers": [],
                "constraints": []
              },
              "immutable": true,
              "serverOwned": false,
              "synthesized": false
            },
            {
              "name": "name",
              "type": {
                "base": {
                  "kind": "scalar",
                  "name": "text",
                  "args": []
                },
                "optional": false,
                "normalizers": [],
                "constraints": [
                  {
                    "kind": "length",
                    "min": 1,
                    "max": 100
                  }
                ]
              },
              "immutable": false,
              "serverOwned": false,
              "synthesized": false
            },
            {
              "name": "version",
              "type": {
                "base": {
                  "kind": "scalar",
                  "name": "integer",
                  "args": []
                },
                "optional": false,
                "normalizers": [],
                "constraints": []
              },
              "immutable": false,
              "serverOwned": true,
              "synthesized": true
            },
            {
              "name": "createdAt",
              "type": {
                "base": {
                  "kind": "scalar",
                  "name": "datetime",
                  "args": []
                },
                "optional": false,
                "normalizers": [],
                "constraints": []
              },
              "immutable": false,
              "serverOwned": true,
              "synthesized": true
            },
            {
              "name": "updatedAt",
              "type": {
                "base": {
                  "kind": "scalar",
                  "name": "datetime",
                  "args": []
                },
                "optional": false,
                "normalizers": [],
                "constraints": []
              },
              "immutable": false,
              "serverOwned": true,
              "synthesized": true
            },
            {
              "name": "parent",
              "type": {
                "base": {
                  "kind": "reference",
                  "resource": "@acme/commerce/_/Department"
                },
                "optional": true,
                "normalizers": [],
                "constraints": []
              },
              "immutable": false,
              "serverOwned": false,
              "synthesized": true
            }
          ],
          "uniques": [],
          "finds": [],
          "lists": [
            {
              "name": "all",
              "fields": [],
              "order": [
                {
                  "field": "id",
                  "direction": "asc"
                }
              ]
            },
            {
              "name": "byCustomer",
              "fields": [
                "customer"
              ],
              "order": [
                {
                  "field": "name",
                  "direction": "asc"
                },
                {
                  "field": "id",
                  "direction": "asc"
                }
              ]
            }
          ],
          "rules": [],
          "operations": [
            {
              "id": "@acme/commerce/_/Department.create",
              "kind": "create",
              "http": {
                "method": "POST",
                "path": "/v1/departments"
              }
            },
            {
              "id": "@acme/commerce/_/Department.get",
              "kind": "get",
              "http": {
                "method": "GET",
                "path": "/v1/departments/{id}"
              }
            },
            {
              "id": "@acme/commerce/_/Department.update",
              "kind": "update",
              "http": {
                "method": "PATCH",
                "path": "/v1/departments/{id}"
              }
            },
            {
              "id": "@acme/commerce/_/Department.delete",
              "kind": "delete",
              "http": {
                "method": "DELETE",
                "path": "/v1/departments/{id}"
              }
            },
            {
              "id": "@acme/commerce/_/Department.list.all",
              "kind": "list",
              "query": "all",
              "http": {
                "method": "GET",
                "path": "/v1/departments"
              }
            },
            {
              "id": "@acme/commerce/_/Department.list.byCustomer",
              "kind": "list",
              "query": "byCustomer",
              "http": {
                "method": "GET",
                "path": "/v1/departments/queries/by-customer"
              }
            },
            {
              "id": "@acme/commerce/_/Department.move",
              "kind": "move",
              "http": {
                "method": "POST",
                "path": "/v1/departments/{id}/move"
              }
            },
            {
              "id": "@acme/commerce/_/Department.children",
              "kind": "children",
              "http": {
                "method": "GET",
                "path": "/v1/departments/{id}/children"
              }
            },
            {
              "id": "@acme/commerce/_/Department.ancestors",
              "kind": "ancestors",
              "http": {
                "method": "GET",
                "path": "/v1/departments/{id}/ancestors"
              }
            }
          ]
        },
        {
          "id": "@acme/commerce/_/Order",
          "name": "Order",
          "kind": "resource",
          "exported": true,
          "decorators": {
            "tenant": true,
            "timestamps": true,
            "softDelete": false,
            "versioned": true,
            "audited": true,
            "crud": {
              "path": "/v1/orders",
              "actions": [
                "approve",
                "complete",
                "cancel"
              ]
            },
            "hierarchical": false
          },
          "fields": [
            {
              "name": "id",
              "type": {
                "base": {
                  "kind": "scalar",
                  "name": "id",
                  "args": []
                },
                "optional": false,
                "normalizers": [],
                "constraints": []
              },
              "immutable": true,
              "serverOwned": true,
              "synthesized": false
            },
            {
              "name": "customer",
              "type": {
                "base": {
                  "kind": "reference",
                  "resource": "@acme/commerce/_/Customer"
                },
                "optional": false,
                "normalizers": [],
                "constraints": []
              },
              "immutable": true,
              "serverOwned": false,
              "synthesized": false
            },
            {
              "name": "site",
              "type": {
                "base": {
                  "kind": "reference",
                  "resource": "@acme/commerce/_/Site"
                },
                "optional": false,
                "normalizers": [],
                "constraints": []
              },
              "immutable": false,
              "serverOwned": false,
              "synthesized": false
            },
            {
              "name": "subtotal",
              "type": {
                "base": {
                  "kind": "scalar",
                  "name": "money",
                  "args": [
                    "USD"
                  ]
                },
                "optional": false,
                "normalizers": [],
                "constraints": [
                  {
                    "kind": "compare",
                    "op": ">=",
                    "value": {
                      "type": "int",
                      "value": "0"
                    }
                  }
                ]
              },
              "immutable": false,
              "serverOwned": false,
              "synthesized": false
            },
            {
              "name": "tax",
              "type": {
                "base": {
                  "kind": "scalar",
                  "name": "money",
                  "args": [
                    "USD"
                  ]
                },
                "optional": false,
                "normalizers": [],
                "constraints": [
                  {
                    "kind": "compare",
                    "op": ">=",
                    "value": {
                      "type": "int",
                      "value": "0"
                    }
                  }
                ]
              },
              "immutable": false,
              "serverOwned": false,
              "synthesized": false
            },
            {
              "name": "total",
              "type": {
                "base": {
                  "kind": "scalar",
                  "name": "money",
                  "args": [
                    "USD"
                  ]
                },
                "optional": false,
                "normalizers": [],
                "constraints": []
              },
              "derived": {
                "kind": "binary",
                "op": "+",
                "lhs": {
                  "kind": "name",
                  "path": [
                    "subtotal"
                  ]
                },
                "rhs": {
                  "kind": "name",
                  "path": [
                    "tax"
                  ]
                }
              },
              "immutable": true,
              "serverOwned": true,
              "synthesized": false
            },
            {
              "name": "requestedOn",
              "type": {
                "base": {
                  "kind": "scalar",
                  "name": "date",
                  "args": []
                },
                "optional": false,
                "normalizers": [],
                "constraints": []
              },
              "immutable": false,
              "serverOwned": false,
              "synthesized": false
            },
            {
              "name": "notes",
              "type": {
                "base": {
                  "kind": "scalar",
                  "name": "text",
                  "args": []
                },
                "optional": true,
                "normalizers": [],
                "constraints": [
                  {
                    "kind": "length",
                    "max": 2000
                  }
                ]
              },
              "immutable": false,
              "serverOwned": false,
              "synthesized": false
            },
            {
              "name": "version",
              "type": {
                "base": {
                  "kind": "scalar",
                  "name": "integer",
                  "args": []
                },
                "optional": false,
                "normalizers": [],
                "constraints": []
              },
              "immutable": false,
              "serverOwned": true,
              "synthesized": true
            },
            {
              "name": "createdAt",
              "type": {
                "base": {
                  "kind": "scalar",
                  "name": "datetime",
                  "args": []
                },
                "optional": false,
                "normalizers": [],
                "constraints": []
              },
              "immutable": false,
              "serverOwned": true,
              "synthesized": true
            },
            {
              "name": "updatedAt",
              "type": {
                "base": {
                  "kind": "scalar",
                  "name": "datetime",
                  "args": []
                },
                "optional": false,
                "normalizers": [],
                "constraints": []
              },
              "immutable": false,
              "serverOwned": true,
              "synthesized": true
            },
            {
              "name": "status",
              "type": {
                "base": {
                  "kind": "status",
                  "resource": "@acme/commerce/_/Order"
                },
                "optional": false,
                "normalizers": [],
                "constraints": []
              },
              "immutable": false,
              "serverOwned": true,
              "synthesized": true
            }
          ],
          "uniques": [],
          "finds": [],
          "lists": [
            {
              "name": "all",
              "fields": [],
              "order": [
                {
                  "field": "id",
                  "direction": "asc"
                }
              ]
            },
            {
              "name": "byCustomer",
              "fields": [
                "customer"
              ],
              "order": [
                {
                  "field": "createdAt",
                  "direction": "desc"
                },
                {
                  "field": "id",
                  "direction": "desc"
                }
              ]
            },
            {
              "name": "bySiteStatus",
              "fields": [
                "site",
                "status"
              ],
              "order": [
                {
                  "field": "createdAt",
                  "direction": "desc"
                },
                {
                  "field": "id",
                  "direction": "desc"
                }
              ]
            }
          ],
          "rules": [
            {
              "kind": "binary",
              "op": "==",
              "lhs": {
                "kind": "name",
                "path": [
                  "site",
                  "customer"
                ]
              },
              "rhs": {
                "kind": "name",
                "path": [
                  "customer"
                ]
              }
            }
          ],
          "lifecycle": {
            "field": "status",
            "enumId": "@acme/commerce/_/Order.Status",
            "states": [
              "Draft",
              "Completed",
              "Cancelled",
              "Submitted",
              "Approved"
            ],
            "initial": "Draft",
            "terminals": [
              "Completed",
              "Cancelled"
            ],
            "transitions": [
              {
                "action": "submit",
                "from": [
                  "Draft"
                ],
                "to": "Submitted",
                "input": []
              },
              {
                "action": "approve",
                "from": [
                  "Submitted"
                ],
                "to": "Approved",
                "input": []
              },
              {
                "action": "complete",
                "from": [
                  "Approved"
                ],
                "to": "Completed",
                "input": []
              },
              {
                "action": "cancel",
                "from": [
                  "Draft",
                  "Submitted",
                  "Approved"
                ],
                "to": "Cancelled",
                "input": [
                  {
                    "name": "reason",
                    "type": {
                      "base": {
                        "kind": "scalar",
                        "name": "text",
                        "args": []
                      },
                      "optional": false,
                      "normalizers": [],
                      "constraints": [
                        {
                          "kind": "length",
                          "min": 1,
                          "max": 500
                        }
                      ]
                    },
                    "immutable": false,
                    "serverOwned": false,
                    "synthesized": false
                  }
                ]
              }
            ]
          },
          "operations": [
            {
              "id": "@acme/commerce/_/Order.create",
              "kind": "create",
              "http": {
                "method": "POST",
                "path": "/v1/orders"
              }
            },
            {
              "id": "@acme/commerce/_/Order.get",
              "kind": "get",
              "http": {
                "method": "GET",
                "path": "/v1/orders/{id}"
              }
            },
            {
              "id": "@acme/commerce/_/Order.update",
              "kind": "update",
              "http": {
                "method": "PATCH",
                "path": "/v1/orders/{id}"
              }
            },
            {
              "id": "@acme/commerce/_/Order.delete",
              "kind": "delete",
              "http": {
                "method": "DELETE",
                "path": "/v1/orders/{id}"
              }
            },
            {
              "id": "@acme/commerce/_/Order.list.all",
              "kind": "list",
              "query": "all",
              "http": {
                "method": "GET",
                "path": "/v1/orders"
              }
            },
            {
              "id": "@acme/commerce/_/Order.list.byCustomer",
              "kind": "list",
              "query": "byCustomer",
              "http": {
                "method": "GET",
                "path": "/v1/orders/queries/by-customer"
              }
            },
            {
              "id": "@acme/commerce/_/Order.list.bySiteStatus",
              "kind": "list",
              "query": "bySiteStatus",
              "http": {
                "method": "GET",
                "path": "/v1/orders/queries/by-site-status"
              }
            },
            {
              "id": "@acme/commerce/_/Order.status.submit",
              "kind": "transition",
              "action": "submit"
            },
            {
              "id": "@acme/commerce/_/Order.status.approve",
              "kind": "transition",
              "action": "approve",
              "http": {
                "method": "POST",
                "path": "/v1/orders/{id}/actions/approve"
              }
            },
            {
              "id": "@acme/commerce/_/Order.status.complete",
              "kind": "transition",
              "action": "complete",
              "http": {
                "method": "POST",
                "path": "/v1/orders/{id}/actions/complete"
              }
            },
            {
              "id": "@acme/commerce/_/Order.status.cancel",
              "kind": "transition",
              "action": "cancel",
              "http": {
                "method": "POST",
                "path": "/v1/orders/{id}/actions/cancel"
              }
            }
          ]
        },
        {
          "id": "@acme/commerce/_/OrderDocument",
          "name": "OrderDocument",
          "kind": "blob",
          "exported": true,
          "doc": "Documents attached to an order: quotes, signed contracts, proof of delivery.",
          "decorators": {
            "tenant": true,
            "timestamps": true,
            "softDelete": false,
            "versioned": true,
            "audited": false,
            "crud": {
              "path": "/v1/order-documents",
              "actions": []
            },
            "hierarchical": false
          },
          "fields": [
            {
              "name": "id",
              "type": {
                "base": {
                  "kind": "scalar",
                  "name": "id",
                  "args": []
                },
                "optional": false,
                "normalizers": [],
                "constraints": []
              },
              "immutable": true,
              "serverOwned": true,
              "synthesized": true
            },
            {
              "name": "order",
              "type": {
                "base": {
                  "kind": "reference",
                  "resource": "@acme/commerce/_/Order"
                },
                "optional": false,
                "normalizers": [],
                "constraints": []
              },
              "immutable": true,
              "serverOwned": false,
              "synthesized": false
            },
            {
              "name": "kind",
              "type": {
                "base": {
                  "kind": "scalar",
                  "name": "text",
                  "args": []
                },
                "optional": false,
                "normalizers": [
                  "trim",
                  "lowercase"
                ],
                "constraints": [
                  {
                    "kind": "length",
                    "min": 1,
                    "max": 32
                  }
                ]
              },
              "immutable": false,
              "serverOwned": false,
              "synthesized": false
            },
            {
              "name": "label",
              "type": {
                "base": {
                  "kind": "scalar",
                  "name": "text",
                  "args": []
                },
                "optional": false,
                "normalizers": [],
                "constraints": [
                  {
                    "kind": "length",
                    "min": 1,
                    "max": 200
                  }
                ]
              },
              "immutable": false,
              "serverOwned": false,
              "synthesized": false
            },
            {
              "name": "version",
              "type": {
                "base": {
                  "kind": "scalar",
                  "name": "integer",
                  "args": []
                },
                "optional": false,
                "normalizers": [],
                "constraints": []
              },
              "immutable": false,
              "serverOwned": true,
              "synthesized": true
            },
            {
              "name": "createdAt",
              "type": {
                "base": {
                  "kind": "scalar",
                  "name": "datetime",
                  "args": []
                },
                "optional": false,
                "normalizers": [],
                "constraints": []
              },
              "immutable": false,
              "serverOwned": true,
              "synthesized": true
            },
            {
              "name": "updatedAt",
              "type": {
                "base": {
                  "kind": "scalar",
                  "name": "datetime",
                  "args": []
                },
                "optional": false,
                "normalizers": [],
                "constraints": []
              },
              "immutable": false,
              "serverOwned": true,
              "synthesized": true
            },
            {
              "name": "uploadState",
              "type": {
                "base": {
                  "kind": "scalar",
                  "name": "text",
                  "args": []
                },
                "optional": false,
                "normalizers": [],
                "constraints": []
              },
              "immutable": false,
              "serverOwned": true,
              "synthesized": true
            },
            {
              "name": "mediaType",
              "type": {
                "base": {
                  "kind": "scalar",
                  "name": "text",
                  "args": []
                },
                "optional": true,
                "normalizers": [],
                "constraints": []
              },
              "immutable": false,
              "serverOwned": true,
              "synthesized": true
            },
            {
              "name": "byteCount",
              "type": {
                "base": {
                  "kind": "scalar",
                  "name": "integer",
                  "args": []
                },
                "optional": true,
                "normalizers": [],
                "constraints": []
              },
              "immutable": false,
              "serverOwned": true,
              "synthesized": true
            },
            {
              "name": "digest",
              "type": {
                "base": {
                  "kind": "scalar",
                  "name": "text",
                  "args": []
                },
                "optional": true,
                "normalizers": [],
                "constraints": []
              },
              "immutable": false,
              "serverOwned": true,
              "synthesized": true
            },
            {
              "name": "uploadAttempt",
              "type": {
                "base": {
                  "kind": "scalar",
                  "name": "integer",
                  "args": []
                },
                "optional": true,
                "normalizers": [],
                "constraints": []
              },
              "immutable": false,
              "serverOwned": true,
              "synthesized": true,
              "hidden": true
            },
            {
              "name": "stagedMediaType",
              "type": {
                "base": {
                  "kind": "scalar",
                  "name": "text",
                  "args": []
                },
                "optional": true,
                "normalizers": [],
                "constraints": []
              },
              "immutable": false,
              "serverOwned": true,
              "synthesized": true,
              "hidden": true
            },
            {
              "name": "stagedByteCount",
              "type": {
                "base": {
                  "kind": "scalar",
                  "name": "integer",
                  "args": []
                },
                "optional": true,
                "normalizers": [],
                "constraints": []
              },
              "immutable": false,
              "serverOwned": true,
              "synthesized": true,
              "hidden": true
            },
            {
              "name": "contentGeneration",
              "type": {
                "base": {
                  "kind": "scalar",
                  "name": "integer",
                  "args": []
                },
                "optional": true,
                "normalizers": [],
                "constraints": []
              },
              "immutable": false,
              "serverOwned": true,
              "synthesized": true,
              "hidden": true
            },
            {
              "name": "sealedGeneration",
              "type": {
                "base": {
                  "kind": "scalar",
                  "name": "text",
                  "args": []
                },
                "optional": true,
                "normalizers": [],
                "constraints": []
              },
              "immutable": false,
              "serverOwned": true,
              "synthesized": true,
              "hidden": true
            }
          ],
          "uniques": [],
          "finds": [],
          "lists": [
            {
              "name": "all",
              "fields": [],
              "order": [
                {
                  "field": "id",
                  "direction": "asc"
                }
              ]
            },
            {
              "name": "byOrder",
              "fields": [
                "order"
              ],
              "order": [
                {
                  "field": "createdAt",
                  "direction": "desc"
                },
                {
                  "field": "id",
                  "direction": "desc"
                }
              ]
            }
          ],
          "rules": [],
          "content": {
            "mediaTypes": [
              "application/pdf",
              "image/png",
              "image/jpeg"
            ],
            "maxBytes": 10485760
          },
          "operations": [
            {
              "id": "@acme/commerce/_/OrderDocument.create",
              "kind": "create",
              "http": {
                "method": "POST",
                "path": "/v1/order-documents"
              }
            },
            {
              "id": "@acme/commerce/_/OrderDocument.get",
              "kind": "get",
              "http": {
                "method": "GET",
                "path": "/v1/order-documents/{id}"
              }
            },
            {
              "id": "@acme/commerce/_/OrderDocument.update",
              "kind": "update",
              "http": {
                "method": "PATCH",
                "path": "/v1/order-documents/{id}"
              }
            },
            {
              "id": "@acme/commerce/_/OrderDocument.delete",
              "kind": "delete",
              "http": {
                "method": "DELETE",
                "path": "/v1/order-documents/{id}"
              }
            },
            {
              "id": "@acme/commerce/_/OrderDocument.list.all",
              "kind": "list",
              "query": "all",
              "http": {
                "method": "GET",
                "path": "/v1/order-documents"
              }
            },
            {
              "id": "@acme/commerce/_/OrderDocument.list.byOrder",
              "kind": "list",
              "query": "byOrder",
              "http": {
                "method": "GET",
                "path": "/v1/order-documents/queries/by-order"
              }
            },
            {
              "id": "@acme/commerce/_/OrderDocument.beginUpload",
              "kind": "beginUpload",
              "http": {
                "method": "POST",
                "path": "/v1/order-documents/{id}/upload"
              }
            },
            {
              "id": "@acme/commerce/_/OrderDocument.finalizeUpload",
              "kind": "finalizeUpload",
              "http": {
                "method": "POST",
                "path": "/v1/order-documents/{id}/finalize"
              }
            },
            {
              "id": "@acme/commerce/_/OrderDocument.download",
              "kind": "download",
              "http": {
                "method": "GET",
                "path": "/v1/order-documents/{id}/content"
              }
            }
          ]
        },
        {
          "id": "@acme/commerce/_/Site",
          "name": "Site",
          "kind": "resource",
          "exported": true,
          "decorators": {
            "tenant": true,
            "timestamps": true,
            "softDelete": false,
            "versioned": true,
            "audited": true,
            "crud": {
              "path": "/v1/sites",
              "actions": []
            },
            "hierarchical": false
          },
          "fields": [
            {
              "name": "id",
              "type": {
                "base": {
                  "kind": "scalar",
                  "name": "id",
                  "args": []
                },
                "optional": false,
                "normalizers": [],
                "constraints": []
              },
              "immutable": true,
              "serverOwned": true,
              "synthesized": false
            },
            {
              "name": "customer",
              "type": {
                "base": {
                  "kind": "reference",
                  "resource": "@acme/commerce/_/Customer"
                },
                "optional": false,
                "normalizers": [],
                "constraints": []
              },
              "immutable": true,
              "serverOwned": false,
              "synthesized": false
            },
            {
              "name": "code",
              "type": {
                "base": {
                  "kind": "scalar",
                  "name": "text",
                  "args": []
                },
                "optional": false,
                "normalizers": [
                  "trim",
                  "uppercase"
                ],
                "constraints": [
                  {
                    "kind": "length",
                    "min": 2,
                    "max": 24
                  }
                ]
              },
              "immutable": true,
              "serverOwned": false,
              "synthesized": false
            },
            {
              "name": "name",
              "type": {
                "base": {
                  "kind": "scalar",
                  "name": "text",
                  "args": []
                },
                "optional": false,
                "normalizers": [],
                "constraints": [
                  {
                    "kind": "length",
                    "min": 1,
                    "max": 200
                  }
                ]
              },
              "immutable": false,
              "serverOwned": false,
              "synthesized": false
            },
            {
              "name": "timezone",
              "type": {
                "base": {
                  "kind": "scalar",
                  "name": "timezone",
                  "args": []
                },
                "optional": false,
                "normalizers": [],
                "constraints": []
              },
              "immutable": false,
              "serverOwned": false,
              "synthesized": false
            },
            {
              "name": "enabled",
              "type": {
                "base": {
                  "kind": "scalar",
                  "name": "boolean",
                  "args": []
                },
                "optional": false,
                "normalizers": [],
                "constraints": []
              },
              "default": {
                "type": "bool",
                "value": true
              },
              "immutable": false,
              "serverOwned": false,
              "synthesized": false
            },
            {
              "name": "version",
              "type": {
                "base": {
                  "kind": "scalar",
                  "name": "integer",
                  "args": []
                },
                "optional": false,
                "normalizers": [],
                "constraints": []
              },
              "immutable": false,
              "serverOwned": true,
              "synthesized": true
            },
            {
              "name": "createdAt",
              "type": {
                "base": {
                  "kind": "scalar",
                  "name": "datetime",
                  "args": []
                },
                "optional": false,
                "normalizers": [],
                "constraints": []
              },
              "immutable": false,
              "serverOwned": true,
              "synthesized": true
            },
            {
              "name": "updatedAt",
              "type": {
                "base": {
                  "kind": "scalar",
                  "name": "datetime",
                  "args": []
                },
                "optional": false,
                "normalizers": [],
                "constraints": []
              },
              "immutable": false,
              "serverOwned": true,
              "synthesized": true
            }
          ],
          "uniques": [
            {
              "name": "code_within_customer",
              "fields": [
                "code"
              ],
              "within": [
                "customer"
              ]
            }
          ],
          "finds": [
            {
              "name": "byCustomerCode",
              "fields": [
                "customer",
                "code"
              ],
              "coveredBy": "code_within_customer"
            }
          ],
          "lists": [
            {
              "name": "all",
              "fields": [],
              "order": [
                {
                  "field": "id",
                  "direction": "asc"
                }
              ]
            },
            {
              "name": "byCustomer",
              "fields": [
                "customer"
              ],
              "order": [
                {
                  "field": "name",
                  "direction": "asc"
                },
                {
                  "field": "id",
                  "direction": "asc"
                }
              ]
            }
          ],
          "rules": [],
          "operations": [
            {
              "id": "@acme/commerce/_/Site.create",
              "kind": "create",
              "http": {
                "method": "POST",
                "path": "/v1/sites"
              }
            },
            {
              "id": "@acme/commerce/_/Site.get",
              "kind": "get",
              "http": {
                "method": "GET",
                "path": "/v1/sites/{id}"
              }
            },
            {
              "id": "@acme/commerce/_/Site.update",
              "kind": "update",
              "http": {
                "method": "PATCH",
                "path": "/v1/sites/{id}"
              }
            },
            {
              "id": "@acme/commerce/_/Site.delete",
              "kind": "delete",
              "http": {
                "method": "DELETE",
                "path": "/v1/sites/{id}"
              }
            },
            {
              "id": "@acme/commerce/_/Site.find.byCustomerCode",
              "kind": "find",
              "query": "byCustomerCode",
              "http": {
                "method": "GET",
                "path": "/v1/sites/queries/by-customer-code"
              }
            },
            {
              "id": "@acme/commerce/_/Site.list.all",
              "kind": "list",
              "query": "all",
              "http": {
                "method": "GET",
                "path": "/v1/sites"
              }
            },
            {
              "id": "@acme/commerce/_/Site.list.byCustomer",
              "kind": "list",
              "query": "byCustomer",
              "http": {
                "method": "GET",
                "path": "/v1/sites/queries/by-customer"
              }
            }
          ]
        },
        {
          "id": "@acme/commerce/_/SitePolicy",
          "name": "SitePolicy",
          "kind": "resource",
          "exported": true,
          "doc": "Per-site operating policy, effective-dated: at most one policy per site\napplies at any instant; intervals are half-open [from, until).",
          "decorators": {
            "tenant": true,
            "timestamps": true,
            "softDelete": false,
            "versioned": true,
            "audited": true,
            "crud": {
              "path": "/v1/site-policies",
              "actions": []
            },
            "effectiveDated": {
              "uniqueBy": [
                "site"
              ]
            },
            "hierarchical": false
          },
          "fields": [
            {
              "name": "id",
              "type": {
                "base": {
                  "kind": "scalar",
                  "name": "id",
                  "args": []
                },
                "optional": false,
                "normalizers": [],
                "constraints": []
              },
              "immutable": true,
              "serverOwned": true,
              "synthesized": false
            },
            {
              "name": "site",
              "type": {
                "base": {
                  "kind": "reference",
                  "resource": "@acme/commerce/_/Site"
                },
                "optional": false,
                "normalizers": [],
                "constraints": []
              },
              "immutable": true,
              "serverOwned": false,
              "synthesized": false
            },
            {
              "name": "maxOrderTotal",
              "type": {
                "base": {
                  "kind": "scalar",
                  "name": "money",
                  "args": [
                    "USD"
                  ]
                },
                "optional": false,
                "normalizers": [],
                "constraints": [
                  {
                    "kind": "compare",
                    "op": ">=",
                    "value": {
                      "type": "int",
                      "value": "0"
                    }
                  }
                ]
              },
              "immutable": false,
              "serverOwned": false,
              "synthesized": false
            },
            {
              "name": "requiresApproval",
              "type": {
                "base": {
                  "kind": "scalar",
                  "name": "boolean",
                  "args": []
                },
                "optional": false,
                "normalizers": [],
                "constraints": []
              },
              "default": {
                "type": "bool",
                "value": false
              },
              "immutable": false,
              "serverOwned": false,
              "synthesized": false
            },
            {
              "name": "version",
              "type": {
                "base": {
                  "kind": "scalar",
                  "name": "integer",
                  "args": []
                },
                "optional": false,
                "normalizers": [],
                "constraints": []
              },
              "immutable": false,
              "serverOwned": true,
              "synthesized": true
            },
            {
              "name": "createdAt",
              "type": {
                "base": {
                  "kind": "scalar",
                  "name": "datetime",
                  "args": []
                },
                "optional": false,
                "normalizers": [],
                "constraints": []
              },
              "immutable": false,
              "serverOwned": true,
              "synthesized": true
            },
            {
              "name": "updatedAt",
              "type": {
                "base": {
                  "kind": "scalar",
                  "name": "datetime",
                  "args": []
                },
                "optional": false,
                "normalizers": [],
                "constraints": []
              },
              "immutable": false,
              "serverOwned": true,
              "synthesized": true
            },
            {
              "name": "effectiveFrom",
              "type": {
                "base": {
                  "kind": "scalar",
                  "name": "datetime",
                  "args": []
                },
                "optional": false,
                "normalizers": [],
                "constraints": []
              },
              "immutable": false,
              "serverOwned": false,
              "synthesized": true
            },
            {
              "name": "effectiveUntil",
              "type": {
                "base": {
                  "kind": "scalar",
                  "name": "datetime",
                  "args": []
                },
                "optional": true,
                "normalizers": [],
                "constraints": []
              },
              "immutable": false,
              "serverOwned": false,
              "synthesized": true
            }
          ],
          "uniques": [],
          "finds": [],
          "lists": [
            {
              "name": "all",
              "fields": [],
              "order": [
                {
                  "field": "id",
                  "direction": "asc"
                }
              ]
            },
            {
              "name": "bySite",
              "fields": [
                "site"
              ],
              "order": [
                {
                  "field": "effectiveFrom",
                  "direction": "desc"
                },
                {
                  "field": "id",
                  "direction": "desc"
                }
              ]
            }
          ],
          "rules": [],
          "operations": [
            {
              "id": "@acme/commerce/_/SitePolicy.create",
              "kind": "create",
              "http": {
                "method": "POST",
                "path": "/v1/site-policies"
              }
            },
            {
              "id": "@acme/commerce/_/SitePolicy.get",
              "kind": "get",
              "http": {
                "method": "GET",
                "path": "/v1/site-policies/{id}"
              }
            },
            {
              "id": "@acme/commerce/_/SitePolicy.update",
              "kind": "update",
              "http": {
                "method": "PATCH",
                "path": "/v1/site-policies/{id}"
              }
            },
            {
              "id": "@acme/commerce/_/SitePolicy.delete",
              "kind": "delete",
              "http": {
                "method": "DELETE",
                "path": "/v1/site-policies/{id}"
              }
            },
            {
              "id": "@acme/commerce/_/SitePolicy.list.all",
              "kind": "list",
              "query": "all",
              "http": {
                "method": "GET",
                "path": "/v1/site-policies"
              }
            },
            {
              "id": "@acme/commerce/_/SitePolicy.list.bySite",
              "kind": "list",
              "query": "bySite",
              "http": {
                "method": "GET",
                "path": "/v1/site-policies/queries/by-site"
              }
            },
            {
              "id": "@acme/commerce/_/SitePolicy.effective.bySite",
              "kind": "effective",
              "query": "bySite",
              "http": {
                "method": "GET",
                "path": "/v1/site-policies/effective/by-site"
              }
            }
          ]
        }
      ],
      "functions": [
        {
          "id": "@acme/commerce/_/FulfillOrder",
          "name": "FulfillOrder",
          "exported": false,
          "input": {
            "base": {
              "kind": "message",
              "channel": "@acme/commerce/_/OrderEvents",
              "message": "OrderSubmitted"
            },
            "optional": false,
            "normalizers": [],
            "constraints": []
          },
          "output": {
            "base": {
              "kind": "record",
              "resource": "@acme/commerce/_/Order"
            },
            "optional": false,
            "normalizers": [],
            "constraints": []
          },
          "uses": [
            {
              "kind": "resource",
              "resource": "@acme/commerce/_/Order",
              "capability": "read"
            }
          ],
          "sends": [],
          "errors": [],
          "slo": [],
          "generated": false
        },
        {
          "id": "@acme/commerce/_/RebuildOrderSummary",
          "name": "RebuildOrderSummary",
          "exported": false,
          "uses": [
            {
              "kind": "resource",
              "resource": "@acme/commerce/_/Order",
              "capability": "read"
            }
          ],
          "sends": [],
          "errors": [],
          "slo": [],
          "generated": false
        },
        {
          "id": "@acme/commerce/_/SubmitOrder",
          "name": "SubmitOrder",
          "exported": true,
          "input": {
            "base": {
              "kind": "shape",
              "id": "@acme/commerce/_/SubmitOrderInput"
            },
            "optional": false,
            "normalizers": [],
            "constraints": []
          },
          "output": {
            "base": {
              "kind": "record",
              "resource": "@acme/commerce/_/Order"
            },
            "optional": false,
            "normalizers": [],
            "constraints": []
          },
          "uses": [
            {
              "kind": "resource",
              "resource": "@acme/commerce/_/Order",
              "capability": "read"
            },
            {
              "kind": "transition",
              "resource": "@acme/commerce/_/Order",
              "action": "submit"
            },
            {
              "kind": "resource",
              "resource": "@acme/commerce/_/Site",
              "capability": "read"
            },
            {
              "kind": "function",
              "function": "@acme/payments/_/AuthorizePayment"
            }
          ],
          "sends": [
            {
              "message": "OrderSubmitted",
              "channel": "@acme/commerce/_/OrderEvents"
            }
          ],
          "errors": [
            "SiteDisabled",
            "PaymentDeclined",
            "PaymentUnavailable"
          ],
          "slo": [
            {
              "kind": "availability",
              "target": "99.9%",
              "window": "28d"
            },
            {
              "kind": "latency",
              "target": "99%",
              "within": "1s",
              "window": "28d"
            }
          ],
          "http": {
            "method": "POST",
            "path": "/v1/orders/{order}/submit"
          },
          "generated": false
        }
      ],
      "channels": [
        {
          "id": "@acme/commerce/_/OrderEvents",
          "name": "OrderEvents",
          "exported": true,
          "distribution": "broadcast",
          "delivery": "at-least-once",
          "messages": [
            {
              "name": "OrderSubmitted",
              "fields": [
                {
                  "name": "order",
                  "type": {
                    "base": {
                      "kind": "reference",
                      "resource": "@acme/commerce/_/Order"
                    },
                    "optional": false,
                    "normalizers": [],
                    "constraints": []
                  },
                  "immutable": false,
                  "serverOwned": false,
                  "synthesized": false
                },
                {
                  "name": "customer",
                  "type": {
                    "base": {
                      "kind": "reference",
                      "resource": "@acme/commerce/_/Customer"
                    },
                    "optional": false,
                    "normalizers": [],
                    "constraints": []
                  },
                  "immutable": false,
                  "serverOwned": false,
                  "synthesized": false
                },
                {
                  "name": "revision",
                  "type": {
                    "base": {
                      "kind": "scalar",
                      "name": "integer",
                      "args": []
                    },
                    "optional": false,
                    "normalizers": [],
                    "constraints": [
                      {
                        "kind": "compare",
                        "op": ">=",
                        "value": {
                          "type": "int",
                          "value": "1"
                        }
                      }
                    ]
                  },
                  "immutable": false,
                  "serverOwned": false,
                  "synthesized": false
                }
              ]
            }
          ]
        },
        {
          "id": "@acme/commerce/_/PaymentEvents",
          "name": "PaymentEvents",
          "exported": false,
          "contract": "@acme/payments/_/PaymentEvents",
          "distribution": "broadcast",
          "delivery": "at-least-once",
          "direction": "recv-only",
          "messages": [
            {
              "name": "PaymentCaptured",
              "fields": [
                {
                  "name": "authorizationId",
                  "type": {
                    "base": {
                      "kind": "scalar",
                      "name": "text",
                      "args": []
                    },
                    "optional": false,
                    "normalizers": [],
                    "constraints": [
                      {
                        "kind": "length",
                        "min": 1,
                        "max": 64
                      }
                    ]
                  },
                  "immutable": false,
                  "serverOwned": false,
                  "synthesized": false
                },
                {
                  "name": "amount",
                  "type": {
                    "base": {
                      "kind": "scalar",
                      "name": "money",
                      "args": [
                        "USD"
                      ]
                    },
                    "optional": false,
                    "normalizers": [],
                    "constraints": [
                      {
                        "kind": "compare",
                        "op": ">=",
                        "value": {
                          "type": "int",
                          "value": "0"
                        }
                      }
                    ]
                  },
                  "immutable": false,
                  "serverOwned": false,
                  "synthesized": false
                }
              ]
            }
          ]
        }
      ],
      "sources": [
        {
          "id": "@acme/commerce/_/NightlyReconciliation",
          "name": "NightlyReconciliation",
          "cron": "0 3 * * *",
          "timezone": "UTC",
          "target": "@acme/commerce/_/RebuildOrderSummary"
        }
      ],
      "subscriptions": [
        {
          "channel": "@acme/commerce/_/OrderEvents",
          "message": "OrderSubmitted",
          "handler": "@acme/commerce/_/FulfillOrder"
        }
      ],
      "views": [
        {
          "id": "@acme/commerce/_/PendingOrders",
          "name": "PendingOrders",
          "exported": true,
          "doc": "Orders awaiting approval for a customer: a logical read-only query.",
          "source": "@acme/commerce/_/Order",
          "by": [
            "customer"
          ],
          "where": {
            "kind": "binary",
            "op": "==",
            "lhs": {
              "kind": "name",
              "path": [
                "status"
              ]
            },
            "rhs": {
              "kind": "name",
              "path": [
                "Order",
                "Status",
                "Submitted"
              ]
            }
          },
          "order": [
            {
              "field": "createdAt",
              "direction": "desc"
            },
            {
              "field": "id",
              "direction": "desc"
            }
          ],
          "fields": [
            "id",
            "site",
            "total",
            "requestedOn"
          ]
        }
      ],
      "projections": [
        {
          "id": "@acme/commerce/_/CustomerOrderSummary",
          "name": "CustomerOrderSummary",
          "exported": true,
          "doc": "Rebuildable per-customer order totals (plan §17).",
          "source": "@acme/commerce/_/Order",
          "by": [
            "customer"
          ],
          "where": {
            "kind": "binary",
            "op": "!=",
            "lhs": {
              "kind": "name",
              "path": [
                "status"
              ]
            },
            "rhs": {
              "kind": "name",
              "path": [
                "Order",
                "Status",
                "Cancelled"
              ]
            }
          },
          "aggregates": [
            {
              "function": "count",
              "field": "orders",
              "alias": "orders"
            },
            {
              "function": "sum",
              "field": "total",
              "alias": "orderTotal",
              "scale": 2
            }
          ],
          "crud": {
            "path": "/v1/customer-order-summaries",
            "operations": [
              "get",
              "list"
            ],
            "actions": []
          }
        }
      ],
      "caches": [
        {
          "id": "@acme/commerce/_/CurrentSitePolicy",
          "name": "CurrentSitePolicy",
          "exported": true,
          "doc": "Current policy for a site: a reader with a hard freshness bound tied to\nthe next effective boundary (plan §16).",
          "keys": [
            {
              "name": "site",
              "type": {
                "base": {
                  "kind": "reference",
                  "resource": "@acme/commerce/_/Site"
                },
                "optional": false,
                "normalizers": [],
                "constraints": []
              },
              "immutable": false,
              "serverOwned": false,
              "synthesized": false
            }
          ],
          "loader": {
            "kind": "call",
            "callee": [
              "SitePolicy",
              "effective"
            ],
            "args": [
              {
                "kind": "name",
                "path": [
                  "site"
                ]
              },
              {
                "kind": "name",
                "path": [
                  "now"
                ]
              }
            ]
          },
          "freshUntil": {
            "kind": "call",
            "callee": [
              "min"
            ],
            "args": [
              {
                "kind": "literal",
                "literal": {
                  "type": "duration",
                  "value": "5m"
                }
              },
              {
                "kind": "name",
                "path": [
                  "nextEffectiveBoundary"
                ]
              }
            ]
          }
        }
      ]
    }
  ]
}
