node:internal/modules/esm/resolve:275
    throw new ERR_MODULE_NOT_FOUND(
          ^

Error [ERR_MODULE_NOT_FOUND]: Cannot find module '/Volumes/dev/.worktrees/forge/cf-forge-investigation/research/cf-forge/binding.mjs' imported from /Volumes/dev/.worktrees/forge/cf-forge-investigation/research/cf-forge/bindings.test.mjs
    at finalizeResolution (node:internal/modules/esm/resolve:275:11)
    at moduleResolve (node:internal/modules/esm/resolve:865:10)
    at defaultResolve (node:internal/modules/esm/resolve:991:11)
    at #cachedDefaultResolve (node:internal/modules/esm/loader:719:20)
    at #resolveAndMaybeBlockOnLoaderThread (node:internal/modules/esm/loader:736:38)
    at nextStep (node:internal/modules/customization_hooks:189:26)
    at resolveBaseSync (file:///Volumes/dev/.worktrees/cf_forge/investigation/node_modules/.pnpm/tsx@4.22.4/node_modules/tsx/dist/register-CqMfTiWi.mjs:2:8745)
    at resolveDirectorySync (file:///Volumes/dev/.worktrees/cf_forge/investigation/node_modules/.pnpm/tsx@4.22.4/node_modules/tsx/dist/register-CqMfTiWi.mjs:2:9958)
    at resolveTsPathsSync (file:///Volumes/dev/.worktrees/cf_forge/investigation/node_modules/.pnpm/tsx@4.22.4/node_modules/tsx/dist/register-CqMfTiWi.mjs:2:11190)
    at resolve2 (file:///Volumes/dev/.worktrees/cf_forge/investigation/node_modules/.pnpm/tsx@4.22.4/node_modules/tsx/dist/register-CqMfTiWi.mjs:2:12977) {
  code: 'ERR_MODULE_NOT_FOUND',
  url: 'file:///Volumes/dev/.worktrees/forge/cf-forge-investigation/research/cf-forge/binding.mjs'
}

Node.js v24.14.0
✖ research/cf-forge/bindings.test.mjs (115.804333ms)
ℹ tests 1
ℹ suites 0
ℹ pass 0
ℹ fail 1
ℹ cancelled 0
ℹ skipped 0
ℹ todo 0
ℹ duration_ms 122.423041

✖ failing tests:

test at research/cf-forge/bindings.test.mjs:1:1
✖ research/cf-forge/bindings.test.mjs (115.804333ms)
  'test failed'
