✔ generated SDK supplies transport behind an external binding (19.742875ms)
✔ connection rejects another tenant before resolving credentials or sending traffic (2.385542ms)
✔ uncertain writes return an explicit outcome without retry or credential leakage (5.9135ms)
✔ invalid success data is rejected at the binding boundary (1.782209ms)
✔ HTTP failures distinguish rejected input, credentials, throttling, and unavailable reads (6.454ms)
✔ GitHub list preserves pagination input, path encoding and response headers (1.81225ms)
✔ Cloudflare map identifies wrapped create payload and list envelope (27.887875ms)
✔ connection resolves rotated credentials on each call and preserves explicit null (2.964542ms)
✔ real ForgeGraph function invokes the binding; undeclared dependencies never reach the vendor (300.048375ms)
✔ stable operation ID survives a generated SDK method rename (44.563458ms)
✖ credential-provider failures stay local and do not expose secrets (0.329416ms)
ℹ tests 11
ℹ suites 0
ℹ pass 10
ℹ fail 1
ℹ cancelled 0
ℹ skipped 0
ℹ todo 0
ℹ duration_ms 541.516417

✖ failing tests:

test at research/cf-forge/bindings.test.mjs:34:1
✖ credential-provider failures stay local and do not expose secrets (0.329416ms)
  Error: fake-private-token
      at credential (/Volumes/dev/.worktrees/forge/cf-forge-investigation/research/cf-forge/bindings.test.mjs:34:177)
      at file:///Volumes/dev/.worktrees/forge/cf-forge-investigation/research/cf-forge/binding.mjs:11:120
      at <anonymous> (/Volumes/dev/.worktrees/forge/cf-forge-investigation/research/cf-forge/bindings.test.mjs:34:212)
      at vendor (/Volumes/dev/.worktrees/forge/cf-forge-investigation/research/cf-forge/bindings.test.mjs:9:511)
      at process.processTicksAndRejections (node:internal/process/task_queues:104:5)
      at async Test.run (node:internal/test_runner/test:1125:7)
      at async Test.processPendingSubtests (node:internal/test_runner/test:787:7)
