Docker version 29.3.1, build c2be9ccfc3
Fern CLI already supports canonical IR capture
reusing cached Cloudflare wrapper fernapi/fern-typescript-sdk:3.80.1
==> Capturing Fern canonical TypeScript IR
[api]: typescript-sdk Started.
[api]: typescript-sdk fernapi/fern-typescript-sdk Started.
[api]: typescript-sdk ✓ All checks passed
[api]: typescript-sdk fernapi/fern-typescript-sdk Executing generator fernapi/fern-typescript-sdk using container image: fernapi/fern-typescript-sdk:3.80.1
[api]: typescript-sdk fernapi/fern-typescript-sdk Forwarding CLOUDFLARE_FERN_CAPTURE_DIR=/var/folders/m8/j8x039qj43lc69vsf200z40h0000gn/T/tmp.CzkDhDxrzf/capture into the generator container
[api]: typescript-sdk fernapi/fern-typescript-sdk Generator logs here: /private/var/folders/m8/j8x039qj43lc69vsf200z40h0000gn/T/tmp-10860-kJVURD9AJVCj
[api]: typescript-sdk fernapi/fern-typescript-sdk Wrote files to /var/folders/m8/j8x039qj43lc69vsf200z40h0000gn/T/forge-transformer-sdk-ts-NJR2vW/sdk
[api]: typescript-sdk fernapi/fern-typescript-sdk Finished.
[api]: typescript-sdk Finished.
==> Canonical IR captured in 3s
==> TypeScript shard 1/3
==> TypeScript shard 2/3
==> TypeScript shard 3/3
[TIMING] code generation took 1028ms
[TIMING] fixPackageJson took 390ms
[TIMING] checkFix took 6015ms
[TIMING] code generation took 303ms
[TIMING] fixPackageJson took 259ms
[TIMING] checkFix took 6874ms
[TIMING] code generation took 163ms
[TIMING] fixPackageJson took 318ms
[TIMING] checkFix took 6011ms
==> 3 TypeScript shards finished in 11s
merged 131 Fern files from 3 canonical-IR shards
Finished in 42ms on 132 files using 12 threads.
==> typescript-sdk: wrote /var/folders/m8/j8x039qj43lc69vsf200z40h0000gn/T/forge-transformer-sdk-ts-NJR2vW/sdk from 3 canonical-IR shards
generate-sdk-map: wrote 2 entr(ies) to /var/folders/m8/j8x039qj43lc69vsf200z40h0000gn/T/forge-transformer-sdk-ts-NJR2vW/sdk/sdk-map.json
  endpoints parsed: 2
  expected non-ignored ops: 2
  alias collisions resolved: 0
  unmatched generated methods: 0
  unresolved spec ops: 0
forge-transformer-sdk-ts: generated 2 operations from /Volumes/dev/.worktrees/forge/cf-forge-investigation/research/cf-forge/fixtures/cloudflare.json in /Volumes/dev/.worktrees/forge/cf-forge-investigation/research/cf-forge/.cache/cloudflare-sdk
real 16.88
user 2.74
sys 0.65
