research/cf-forge/.cache/cloudflare-sdk/sdk/auth/BearerAuthProvider.ts(17,50): error TS2591: Cannot find name 'process'. Do you need to install type definitions for node? Try `npm i --save-dev @types/node` and then add 'node' to the types field in your tsconfig.
research/cf-forge/.cache/cloudflare-sdk/sdk/auth/BearerAuthProvider.ts(25,82): error TS2591: Cannot find name 'process'. Do you need to install type definitions for node? Try `npm i --save-dev @types/node` and then add 'node' to the types field in your tsconfig.
research/cf-forge/.cache/cloudflare-sdk/sdk/core/base64.ts(12,16): error TS2591: Cannot find name 'Buffer'. Do you need to install type definitions for node? Try `npm i --save-dev @types/node` and then add 'node' to the types field in your tsconfig.
research/cf-forge/.cache/cloudflare-sdk/sdk/core/base64.ts(13,16): error TS2591: Cannot find name 'Buffer'. Do you need to install type definitions for node? Try `npm i --save-dev @types/node` and then add 'node' to the types field in your tsconfig.
research/cf-forge/.cache/cloudflare-sdk/sdk/core/base64.ts(21,16): error TS2591: Cannot find name 'Buffer'. Do you need to install type definitions for node? Try `npm i --save-dev @types/node` and then add 'node' to the types field in your tsconfig.
research/cf-forge/.cache/cloudflare-sdk/sdk/core/base64.ts(22,16): error TS2591: Cannot find name 'Buffer'. Do you need to install type definitions for node? Try `npm i --save-dev @types/node` and then add 'node' to the types field in your tsconfig.
research/cf-forge/.cache/cloudflare-sdk/sdk/core/runtime/runtime.ts(117,24): error TS2591: Cannot find name 'process'. Do you need to install type definitions for node? Try `npm i --save-dev @types/node` and then add 'node' to the types field in your tsconfig.
research/cf-forge/.cache/cloudflare-sdk/sdk/core/runtime/runtime.ts(117,50): error TS2591: Cannot find name 'process'. Do you need to install type definitions for node? Try `npm i --save-dev @types/node` and then add 'node' to the types field in your tsconfig.
research/cf-forge/.cache/cloudflare-sdk/sdk/core/runtime/runtime.ts(118,26): error TS2591: Cannot find name 'process'. Do you need to install type definitions for node? Try `npm i --save-dev @types/node` and then add 'node' to the types field in your tsconfig.
research/cf-forge/.cache/cloudflare-sdk/sdk/core/runtime/runtime.ts(118,52): error TS2591: Cannot find name 'process'. Do you need to install type definitions for node? Try `npm i --save-dev @types/node` and then add 'node' to the types field in your tsconfig.
research/cf-forge/.cache/cloudflare-sdk/sdk/core/runtime/runtime.ts(141,29): error TS2591: Cannot find name 'process'. Do you need to install type definitions for node? Try `npm i --save-dev @types/node` and then add 'node' to the types field in your tsconfig.
research/cf-forge/.cache/cloudflare-sdk/sdk/core/runtime/runtime.ts(141,55): error TS2591: Cannot find name 'process'. Do you need to install type definitions for node? Try `npm i --save-dev @types/node` and then add 'node' to the types field in your tsconfig.
research/cf-forge/.cache/cloudflare-sdk/sdk/errors/CloudflareApiError.ts(27,19): error TS2339: Property 'captureStackTrace' does not exist on type 'ErrorConstructor'.
research/cf-forge/.cache/cloudflare-sdk/sdk/errors/CloudflareApiError.ts(28,19): error TS2339: Property 'captureStackTrace' does not exist on type 'ErrorConstructor'.
research/cf-forge/.cache/cloudflare-sdk/sdk/errors/CloudflareApiTimeoutError.ts(12,19): error TS2339: Property 'captureStackTrace' does not exist on type 'ErrorConstructor'.
research/cf-forge/.cache/cloudflare-sdk/sdk/errors/CloudflareApiTimeoutError.ts(13,19): error TS2339: Property 'captureStackTrace' does not exist on type 'ErrorConstructor'.
research/cf-forge/.cache/github-sdk/sdk/api/errors/BadRequestError.ts(16,19): error TS2339: Property 'captureStackTrace' does not exist on type 'ErrorConstructor'.
research/cf-forge/.cache/github-sdk/sdk/api/errors/BadRequestError.ts(17,19): error TS2339: Property 'captureStackTrace' does not exist on type 'ErrorConstructor'.
research/cf-forge/.cache/github-sdk/sdk/api/errors/ForbiddenError.ts(16,19): error TS2339: Property 'captureStackTrace' does not exist on type 'ErrorConstructor'.
research/cf-forge/.cache/github-sdk/sdk/api/errors/ForbiddenError.ts(17,19): error TS2339: Property 'captureStackTrace' does not exist on type 'ErrorConstructor'.
research/cf-forge/.cache/github-sdk/sdk/api/errors/GoneError.ts(16,19): error TS2339: Property 'captureStackTrace' does not exist on type 'ErrorConstructor'.
research/cf-forge/.cache/github-sdk/sdk/api/errors/GoneError.ts(17,19): error TS2339: Property 'captureStackTrace' does not exist on type 'ErrorConstructor'.
research/cf-forge/.cache/github-sdk/sdk/api/errors/NotFoundError.ts(16,19): error TS2339: Property 'captureStackTrace' does not exist on type 'ErrorConstructor'.
research/cf-forge/.cache/github-sdk/sdk/api/errors/NotFoundError.ts(17,19): error TS2339: Property 'captureStackTrace' does not exist on type 'ErrorConstructor'.
research/cf-forge/.cache/github-sdk/sdk/api/errors/ServiceUnavailableError.ts(16,19): error TS2339: Property 'captureStackTrace' does not exist on type 'ErrorConstructor'.
research/cf-forge/.cache/github-sdk/sdk/api/errors/ServiceUnavailableError.ts(17,19): error TS2339: Property 'captureStackTrace' does not exist on type 'ErrorConstructor'.
research/cf-forge/.cache/github-sdk/sdk/api/errors/UnprocessableEntityError.ts(16,19): error TS2339: Property 'captureStackTrace' does not exist on type 'ErrorConstructor'.
research/cf-forge/.cache/github-sdk/sdk/api/errors/UnprocessableEntityError.ts(17,19): error TS2339: Property 'captureStackTrace' does not exist on type 'ErrorConstructor'.
research/cf-forge/.cache/github-sdk/sdk/core/runtime/runtime.ts(117,24): error TS2552: Cannot find name 'process'. Did you mean '_process'?
research/cf-forge/.cache/github-sdk/sdk/core/runtime/runtime.ts(117,50): error TS2552: Cannot find name 'process'. Did you mean '_process'?
research/cf-forge/.cache/github-sdk/sdk/core/runtime/runtime.ts(118,26): error TS2552: Cannot find name 'process'. Did you mean '_process'?
research/cf-forge/.cache/github-sdk/sdk/core/runtime/runtime.ts(118,52): error TS2552: Cannot find name 'process'. Did you mean '_process'?
research/cf-forge/.cache/github-sdk/sdk/core/runtime/runtime.ts(141,29): error TS2552: Cannot find name 'process'. Did you mean '_process'?
research/cf-forge/.cache/github-sdk/sdk/core/runtime/runtime.ts(141,55): error TS2552: Cannot find name 'process'. Did you mean '_process'?
research/cf-forge/.cache/github-sdk/sdk/errors/CloudflareApiError.ts(27,19): error TS2339: Property 'captureStackTrace' does not exist on type 'ErrorConstructor'.
research/cf-forge/.cache/github-sdk/sdk/errors/CloudflareApiError.ts(28,19): error TS2339: Property 'captureStackTrace' does not exist on type 'ErrorConstructor'.
research/cf-forge/.cache/github-sdk/sdk/errors/CloudflareApiTimeoutError.ts(12,19): error TS2339: Property 'captureStackTrace' does not exist on type 'ErrorConstructor'.
research/cf-forge/.cache/github-sdk/sdk/errors/CloudflareApiTimeoutError.ts(13,19): error TS2339: Property 'captureStackTrace' does not exist on type 'ErrorConstructor'.
