---
source: crates/forgegraph-codegen/tests/client.rs
expression: idl
---
$version: "2.0"

namespace acme.commerce

@error("client")
structure Problem {
    @required
    code: String
    @required
    title: String
    detail: String
}

structure CustomerRecord {
    @required
    id: String
    @required
    version: Long
    @required
    createdAt: String
    @required
    updatedAt: String
    deletedAt: String
    @required
    code: String
    @required
    name: String
    email: String
    @required
    tier: String
}

structure CustomerCreateInput {
    @required
    code: String
    @required
    name: String
    email: String
    tier: String
}

structure CustomerPatchInput {
    name: String
    email: String
    tier: String
}

@http(method: "POST", uri: "/v1/customers")
operation CustomerCreate {
    input: CustomerCreateInput
    output: CustomerRecord
    errors: [Problem]
}

@http(method: "GET", uri: "/v1/customers/{id}")
operation CustomerGet {
    input: Unit
    output: CustomerRecord
    errors: [Problem]
}

@http(method: "PATCH", uri: "/v1/customers/{id}")
operation CustomerUpdate {
    input: CustomerPatchInput
    output: CustomerRecord
    errors: [Problem]
}

@http(method: "DELETE", uri: "/v1/customers/{id}")
operation CustomerDelete {
    input: Unit
    output: CustomerRecord
    errors: [Problem]
}

@http(method: "POST", uri: "/v1/customers/{id}/restore")
operation CustomerRestore {
    input: Unit
    output: CustomerRecord
    errors: [Problem]
}

@http(method: "GET", uri: "/v1/customers/queries/by-code")
operation CustomerFind {
    input: Unit
    output: CustomerRecord
    errors: [Problem]
}

@http(method: "GET", uri: "/v1/customers")
operation CustomerList {
    input: Unit
    output: CustomerRecord
    errors: [Problem]
}

@http(method: "GET", uri: "/v1/customers/queries/by-tier")
operation CustomerList {
    input: Unit
    output: CustomerRecord
    errors: [Problem]
}

structure DepartmentRecord {
    @required
    id: String
    @required
    version: Long
    @required
    createdAt: String
    @required
    updatedAt: String
    parent: String
    @required
    customer: String
    @required
    name: String
}

structure DepartmentCreateInput {
    @required
    customer: String
    @required
    name: String
}

structure DepartmentPatchInput {
    name: String
}

@http(method: "POST", uri: "/v1/departments")
operation DepartmentCreate {
    input: DepartmentCreateInput
    output: DepartmentRecord
    errors: [Problem]
}

@http(method: "GET", uri: "/v1/departments/{id}")
operation DepartmentGet {
    input: Unit
    output: DepartmentRecord
    errors: [Problem]
}

@http(method: "PATCH", uri: "/v1/departments/{id}")
operation DepartmentUpdate {
    input: DepartmentPatchInput
    output: DepartmentRecord
    errors: [Problem]
}

@http(method: "DELETE", uri: "/v1/departments/{id}")
operation DepartmentDelete {
    input: Unit
    output: DepartmentRecord
    errors: [Problem]
}

@http(method: "GET", uri: "/v1/departments")
operation DepartmentList {
    input: Unit
    output: DepartmentRecord
    errors: [Problem]
}

@http(method: "GET", uri: "/v1/departments/queries/by-customer")
operation DepartmentList {
    input: Unit
    output: DepartmentRecord
    errors: [Problem]
}

@http(method: "POST", uri: "/v1/departments/{id}/move")
operation DepartmentMove {
    input: Unit
    output: DepartmentRecord
    errors: [Problem]
}

@http(method: "GET", uri: "/v1/departments/{id}/children")
operation DepartmentChildren {
    input: Unit
    output: DepartmentRecord
    errors: [Problem]
}

@http(method: "GET", uri: "/v1/departments/{id}/ancestors")
operation DepartmentAncestors {
    input: Unit
    output: DepartmentRecord
    errors: [Problem]
}

structure OrderRecord {
    @required
    id: String
    @required
    version: Long
    @required
    createdAt: String
    @required
    updatedAt: String
    @required
    status: String
    @required
    customer: String
    @required
    site: String
    @required
    subtotal: String
    @required
    tax: String
    @required
    total: String
    @required
    requestedOn: String
    notes: String
}

structure OrderCreateInput {
    @required
    customer: String
    @required
    site: String
    @required
    subtotal: String
    @required
    tax: String
    @required
    requestedOn: String
    notes: String
}

structure OrderPatchInput {
    site: String
    subtotal: String
    tax: String
    requestedOn: String
    notes: String
}

@http(method: "POST", uri: "/v1/orders")
operation OrderCreate {
    input: OrderCreateInput
    output: OrderRecord
    errors: [Problem]
}

@http(method: "GET", uri: "/v1/orders/{id}")
operation OrderGet {
    input: Unit
    output: OrderRecord
    errors: [Problem]
}

@http(method: "PATCH", uri: "/v1/orders/{id}")
operation OrderUpdate {
    input: OrderPatchInput
    output: OrderRecord
    errors: [Problem]
}

@http(method: "DELETE", uri: "/v1/orders/{id}")
operation OrderDelete {
    input: Unit
    output: OrderRecord
    errors: [Problem]
}

@http(method: "GET", uri: "/v1/orders")
operation OrderList {
    input: Unit
    output: OrderRecord
    errors: [Problem]
}

@http(method: "GET", uri: "/v1/orders/queries/by-customer")
operation OrderList {
    input: Unit
    output: OrderRecord
    errors: [Problem]
}

@http(method: "GET", uri: "/v1/orders/queries/by-site-status")
operation OrderList {
    input: Unit
    output: OrderRecord
    errors: [Problem]
}

@http(method: "POST", uri: "/v1/orders/{id}/actions/approve")
operation OrderTransition {
    input: Unit
    output: OrderRecord
    errors: [Problem]
}

@http(method: "POST", uri: "/v1/orders/{id}/actions/complete")
operation OrderTransition {
    input: Unit
    output: OrderRecord
    errors: [Problem]
}

@http(method: "POST", uri: "/v1/orders/{id}/actions/cancel")
operation OrderTransition {
    input: Unit
    output: OrderRecord
    errors: [Problem]
}

structure OrderDocumentRecord {
    @required
    id: String
    @required
    version: Long
    @required
    createdAt: String
    @required
    updatedAt: String
    @required
    uploadState: String
    mediaType: String
    byteCount: String
    digest: String
    @required
    order: String
    @required
    kind: String
    @required
    label: String
}

structure OrderDocumentCreateInput {
    @required
    order: String
    @required
    kind: String
    @required
    label: String
}

structure OrderDocumentPatchInput {
    kind: String
    label: String
}

@http(method: "POST", uri: "/v1/order-documents")
operation OrderDocumentCreate {
    input: OrderDocumentCreateInput
    output: OrderDocumentRecord
    errors: [Problem]
}

@http(method: "GET", uri: "/v1/order-documents/{id}")
operation OrderDocumentGet {
    input: Unit
    output: OrderDocumentRecord
    errors: [Problem]
}

@http(method: "PATCH", uri: "/v1/order-documents/{id}")
operation OrderDocumentUpdate {
    input: OrderDocumentPatchInput
    output: OrderDocumentRecord
    errors: [Problem]
}

@http(method: "DELETE", uri: "/v1/order-documents/{id}")
operation OrderDocumentDelete {
    input: Unit
    output: OrderDocumentRecord
    errors: [Problem]
}

@http(method: "GET", uri: "/v1/order-documents")
operation OrderDocumentList {
    input: Unit
    output: OrderDocumentRecord
    errors: [Problem]
}

@http(method: "GET", uri: "/v1/order-documents/queries/by-order")
operation OrderDocumentList {
    input: Unit
    output: OrderDocumentRecord
    errors: [Problem]
}

@http(method: "POST", uri: "/v1/order-documents/{id}/upload")
operation OrderDocumentBeginUpload {
    input: Unit
    output: OrderDocumentRecord
    errors: [Problem]
}

@http(method: "POST", uri: "/v1/order-documents/{id}/finalize")
operation OrderDocumentFinalizeUpload {
    input: Unit
    output: OrderDocumentRecord
    errors: [Problem]
}

@http(method: "GET", uri: "/v1/order-documents/{id}/content")
operation OrderDocumentDownload {
    input: Unit
    output: OrderDocumentRecord
    errors: [Problem]
}

structure SiteRecord {
    @required
    id: String
    @required
    version: Long
    @required
    createdAt: String
    @required
    updatedAt: String
    @required
    customer: String
    @required
    code: String
    @required
    name: String
    @required
    timezone: String
    @required
    enabled: Boolean
}

structure SiteCreateInput {
    @required
    customer: String
    @required
    code: String
    @required
    name: String
    @required
    timezone: String
    enabled: Boolean
}

structure SitePatchInput {
    name: String
    timezone: String
    enabled: Boolean
}

@http(method: "POST", uri: "/v1/sites")
operation SiteCreate {
    input: SiteCreateInput
    output: SiteRecord
    errors: [Problem]
}

@http(method: "GET", uri: "/v1/sites/{id}")
operation SiteGet {
    input: Unit
    output: SiteRecord
    errors: [Problem]
}

@http(method: "PATCH", uri: "/v1/sites/{id}")
operation SiteUpdate {
    input: SitePatchInput
    output: SiteRecord
    errors: [Problem]
}

@http(method: "DELETE", uri: "/v1/sites/{id}")
operation SiteDelete {
    input: Unit
    output: SiteRecord
    errors: [Problem]
}

@http(method: "GET", uri: "/v1/sites/queries/by-customer-code")
operation SiteFind {
    input: Unit
    output: SiteRecord
    errors: [Problem]
}

@http(method: "GET", uri: "/v1/sites")
operation SiteList {
    input: Unit
    output: SiteRecord
    errors: [Problem]
}

@http(method: "GET", uri: "/v1/sites/queries/by-customer")
operation SiteList {
    input: Unit
    output: SiteRecord
    errors: [Problem]
}

structure SitePolicyRecord {
    @required
    id: String
    @required
    version: Long
    @required
    createdAt: String
    @required
    updatedAt: String
    @required
    effectiveFrom: String
    effectiveUntil: String
    @required
    site: String
    @required
    maxOrderTotal: String
    @required
    requiresApproval: Boolean
}

structure SitePolicyCreateInput {
    @required
    site: String
    @required
    maxOrderTotal: String
    requiresApproval: Boolean
}

structure SitePolicyPatchInput {
    maxOrderTotal: String
    requiresApproval: Boolean
}

@http(method: "POST", uri: "/v1/site-policies")
operation SitePolicyCreate {
    input: SitePolicyCreateInput
    output: SitePolicyRecord
    errors: [Problem]
}

@http(method: "GET", uri: "/v1/site-policies/{id}")
operation SitePolicyGet {
    input: Unit
    output: SitePolicyRecord
    errors: [Problem]
}

@http(method: "PATCH", uri: "/v1/site-policies/{id}")
operation SitePolicyUpdate {
    input: SitePolicyPatchInput
    output: SitePolicyRecord
    errors: [Problem]
}

@http(method: "DELETE", uri: "/v1/site-policies/{id}")
operation SitePolicyDelete {
    input: Unit
    output: SitePolicyRecord
    errors: [Problem]
}

@http(method: "GET", uri: "/v1/site-policies")
operation SitePolicyList {
    input: Unit
    output: SitePolicyRecord
    errors: [Problem]
}

@http(method: "GET", uri: "/v1/site-policies/queries/by-site")
operation SitePolicyList {
    input: Unit
    output: SitePolicyRecord
    errors: [Problem]
}

@http(method: "GET", uri: "/v1/site-policies/effective/by-site")
operation SitePolicyEffective {
    input: Unit
    output: SitePolicyRecord
    errors: [Problem]
}

structure SubmitOrderInput {
    @required
    order: String
    @required
    expectedVersion: Long
}

@http(method: "POST", uri: "/v1/orders/{order}/submit")
operation SubmitOrder {
    input: SubmitOrderInput
    errors: [Problem]
}
