---
source: crates/forge-syntax/tests/parser.rs
assertion_line: 49
expression: "format!(\"{}\\n{}\", parse(&a).debug_tree(), parse(&b).debug_tree())"
---
ROOT@0..672
  SHAPE_DECL@0..75
    IDENT@0..5 "shape"
    IDENT@6..22 "SubmitOrderInput"
    L_BRACE@23..24 "{"
    NEWLINE@24..25 "\\n"
    FIELD_DECL@27..40
      IDENT@27..32 "order"
      COLON@33..34 ":"
      TYPE_EXPR@35..40
        TYPE_REF@35..40
          QUALIFIED_NAME@35..40
            IDENT@35..40 "Order"
    NEWLINE@40..41 "\\n"
    FIELD_DECL@43..73
      IDENT@43..58 "expectedVersion"
      COLON@59..60 ":"
      TYPE_EXPR@61..73
        TYPE_REF@61..68
          QUALIFIED_NAME@61..68
            IDENT@61..68 "integer"
        REFINEMENT@69..73
          GT_EQ@69..71 ">="
          LITERAL_EXPR@72..73
            INT@72..73 "1"
    NEWLINE@73..74 "\\n"
    R_BRACE@74..75 "}"
  NEWLINE@75..76 "\\n"
  NEWLINE@76..77 "\\n"
  FUNCTION_DECL@77..496
    IDENT@77..83 "export"
    IDENT@84..92 "function"
    IDENT@93..104 "SubmitOrder"
    NEWLINE@104..105 "\\n"
    DECORATOR@107..147
      AT@107..108 "@"
      IDENT@108..112 "http"
      DECORATOR_ARGS@112..147
        L_PAREN@112..113 "("
        DECORATOR_ARG@113..117
          QUALIFIED_NAME@113..117
            IDENT@113..117 "POST"
        COMMA@117..118 ","
        DECORATOR_ARG@119..146
          LITERAL_EXPR@119..146
            STRING@119..146 "\"/v1/orders/{order}/submit\""
        R_PAREN@146..147 ")"
    NEWLINE@147..148 "\\n"
    L_BRACE@148..149 "{"
    NEWLINE@149..150 "\\n"
    FUNCTION_INPUT@152..174
      IDENT@152..157 "input"
      TYPE_REF@158..174
        QUALIFIED_NAME@158..174
          IDENT@158..174 "SubmitOrderInput"
    NEWLINE@174..175 "\\n"
    FUNCTION_OUTPUT@177..196
      IDENT@177..183 "output"
      TYPE_REF@184..196
        QUALIFIED_NAME@184..196
          IDENT@184..189 "Order"
          DOT@189..190 "."
          IDENT@190..196 "Record"
    NEWLINE@196..197 "\\n"
    NEWLINE@197..198 "\\n"
    USES_BLOCK@200..293
      IDENT@200..204 "uses"
      L_BRACE@205..206 "{"
      NEWLINE@206..207 "\\n"
      USE_DECL@211..221
        QUALIFIED_NAME@211..216
          IDENT@211..216 "Order"
        IDENT@217..221 "read"
      NEWLINE@221..222 "\\n"
      USE_DECL@226..245
        QUALIFIED_NAME@226..245
          IDENT@226..231 "Order"
          DOT@231..232 "."
          IDENT@232..238 "status"
          DOT@238..239 "."
          IDENT@239..245 "submit"
      NEWLINE@245..246 "\\n"
      USE_DECL@250..259
        QUALIFIED_NAME@250..254
          IDENT@250..254 "Site"
        IDENT@255..259 "read"
      NEWLINE@259..260 "\\n"
      USE_DECL@264..289
        QUALIFIED_NAME@264..289
          IDENT@264..272 "payments"
          DOT@272..273 "."
          IDENT@273..289 "AuthorizePayment"
      NEWLINE@289..290 "\\n"
      R_BRACE@292..293 "}"
    NEWLINE@293..294 "\\n"
    NEWLINE@294..295 "\\n"
    SENDS_BLOCK@297..342
      IDENT@297..302 "sends"
      L_BRACE@303..304 "{"
      NEWLINE@304..305 "\\n"
      SEND_DECL@309..338
        IDENT@309..323 "OrderSubmitted"
        IDENT@324..326 "to"
        QUALIFIED_NAME@327..338
          IDENT@327..338 "OrderEvents"
      NEWLINE@338..339 "\\n"
      R_BRACE@341..342 "}"
    NEWLINE@342..343 "\\n"
    NEWLINE@343..344 "\\n"
    ERRORS_BLOCK@346..418
      IDENT@346..352 "errors"
      L_BRACE@353..354 "{"
      NEWLINE@354..355 "\\n"
      ERROR_DECL@359..371
        IDENT@359..371 "SiteDisabled"
      NEWLINE@371..372 "\\n"
      ERROR_DECL@376..391
        IDENT@376..391 "PaymentDeclined"
      NEWLINE@391..392 "\\n"
      ERROR_DECL@396..414
        IDENT@396..414 "PaymentUnavailable"
      NEWLINE@414..415 "\\n"
      R_BRACE@417..418 "}"
    NEWLINE@418..419 "\\n"
    NEWLINE@419..420 "\\n"
    SLO_BLOCK@422..494
      IDENT@422..425 "slo"
      L_BRACE@426..427 "{"
      NEWLINE@427..428 "\\n"
      SLO_ITEM@432..459
        IDENT@432..444 "availability"
        PERCENT@445..450 "99.9%"
        IDENT@451..455 "over"
        DURATION@456..459 "28d"
      NEWLINE@459..460 "\\n"
      SLO_ITEM@464..490
        IDENT@464..471 "latency"
        PERCENT@472..475 "99%"
        LT_EQ@476..478 "<="
        DURATION@479..481 "1s"
        IDENT@482..486 "over"
        DURATION@487..490 "28d"
      NEWLINE@490..491 "\\n"
      R_BRACE@493..494 "}"
    NEWLINE@494..495 "\\n"
    R_BRACE@495..496 "}"
  NEWLINE@496..497 "\\n"
  NEWLINE@497..498 "\\n"
  FUNCTION_DECL@498..609
    IDENT@498..506 "function"
    IDENT@507..519 "FulfillOrder"
    L_BRACE@520..521 "{"
    NEWLINE@521..522 "\\n"
    FUNCTION_INPUT@524..556
      IDENT@524..529 "input"
      TYPE_REF@530..556
        QUALIFIED_NAME@530..556
          IDENT@530..541 "OrderEvents"
          DOT@541..542 "."
          IDENT@542..556 "OrderSubmitted"
    NEWLINE@556..557 "\\n"
    FUNCTION_OUTPUT@559..578
      IDENT@559..565 "output"
      TYPE_REF@566..578
        QUALIFIED_NAME@566..578
          IDENT@566..571 "Order"
          DOT@571..572 "."
          IDENT@572..578 "Record"
    NEWLINE@578..579 "\\n"
    NEWLINE@579..580 "\\n"
    USES_BLOCK@582..607
      IDENT@582..586 "uses"
      L_BRACE@587..588 "{"
      NEWLINE@588..589 "\\n"
      USE_DECL@593..603
        QUALIFIED_NAME@593..598
          IDENT@593..598 "Order"
        IDENT@599..603 "read"
      NEWLINE@603..604 "\\n"
      R_BRACE@606..607 "}"
    NEWLINE@607..608 "\\n"
    R_BRACE@608..609 "}"
  NEWLINE@609..610 "\\n"
  NEWLINE@610..611 "\\n"
  FUNCTION_DECL@611..671
    IDENT@611..619 "function"
    IDENT@620..639 "RebuildOrderSummary"
    L_BRACE@640..641 "{"
    NEWLINE@641..642 "\\n"
    USES_BLOCK@644..669
      IDENT@644..648 "uses"
      L_BRACE@649..650 "{"
      NEWLINE@650..651 "\\n"
      USE_DECL@655..665
        QUALIFIED_NAME@655..660
          IDENT@655..660 "Order"
        IDENT@661..665 "read"
      NEWLINE@665..666 "\\n"
      R_BRACE@668..669 "}"
    NEWLINE@669..670 "\\n"
    R_BRACE@670..671 "}"
  NEWLINE@671..672 "\\n"

ROOT@0..392
  CHANNEL_DECL@0..182
    IDENT@0..6 "export"
    IDENT@7..14 "channel"
    IDENT@15..26 "OrderEvents"
    L_BRACE@27..28 "{"
    NEWLINE@28..29 "\\n"
    DISTRIBUTION_DECL@31..53
      IDENT@31..43 "distribution"
      IDENT@44..53 "broadcast"
    NEWLINE@53..54 "\\n"
    DELIVERY_DECL@56..78
      IDENT@56..64 "delivery"
      IDENT@65..78 "at-least-once"
    NEWLINE@78..79 "\\n"
    NEWLINE@79..80 "\\n"
    MESSAGE_DECL@82..180
      IDENT@82..89 "message"
      IDENT@90..104 "OrderSubmitted"
      L_BRACE@105..106 "{"
      NEWLINE@106..107 "\\n"
      FIELD_DECL@111..124
        IDENT@111..116 "order"
        COLON@117..118 ":"
        TYPE_EXPR@119..124
          TYPE_REF@119..124
            QUALIFIED_NAME@119..124
              IDENT@119..124 "Order"
      NEWLINE@124..125 "\\n"
      FIELD_DECL@129..148
        IDENT@129..137 "customer"
        COLON@138..139 ":"
        TYPE_EXPR@140..148
          TYPE_REF@140..148
            QUALIFIED_NAME@140..148
              IDENT@140..148 "Customer"
      NEWLINE@148..149 "\\n"
      FIELD_DECL@153..176
        IDENT@153..161 "revision"
        COLON@162..163 ":"
        TYPE_EXPR@164..176
          TYPE_REF@164..171
            QUALIFIED_NAME@164..171
              IDENT@164..171 "integer"
          REFINEMENT@172..176
            GT_EQ@172..174 ">="
            LITERAL_EXPR@175..176
              INT@175..176 "1"
      NEWLINE@176..177 "\\n"
      R_BRACE@179..180 "}"
    NEWLINE@180..181 "\\n"
    R_BRACE@181..182 "}"
  NEWLINE@182..183 "\\n"
  NEWLINE@183..184 "\\n"
  CHANNEL_DECL@184..249
    IDENT@184..191 "channel"
    IDENT@192..205 "PaymentEvents"
    CHANNEL_FROM@206..233
      IDENT@206..210 "from"
      QUALIFIED_NAME@211..233
        IDENT@211..219 "payments"
        DOT@219..220 "."
        IDENT@220..233 "PaymentEvents"
    L_BRACE@234..235 "{"
    NEWLINE@235..236 "\\n"
    DIRECTION_DECL@238..247
      IDENT@238..247 "recv-only"
    NEWLINE@247..248 "\\n"
    R_BRACE@248..249 "}"
  NEWLINE@249..250 "\\n"
  NEWLINE@250..251 "\\n"
  SUBSCRIPTION_DECL@251..296
    IDENT@251..253 "on"
    QUALIFIED_NAME@254..280
      IDENT@254..265 "OrderEvents"
      DOT@265..266 "."
      IDENT@266..280 "OrderSubmitted"
    ARROW@281..283 "->"
    QUALIFIED_NAME@284..296
      IDENT@284..296 "FulfillOrder"
  NEWLINE@296..297 "\\n"
  NEWLINE@297..298 "\\n"
  SOURCE_DECL@298..391
    IDENT@298..304 "source"
    IDENT@305..326 "NightlyReconciliation"
    L_BRACE@327..328 "{"
    NEWLINE@328..329 "\\n"
    CRON_DECL@331..347
      IDENT@331..335 "cron"
      STRING@336..347 "\"0 3 * * *\""
    NEWLINE@347..348 "\\n"
    TIMEZONE_DECL@350..364
      IDENT@350..358 "timezone"
      STRING@359..364 "\"UTC\""
    NEWLINE@364..365 "\\n"
    TARGET_DECL@367..389
      ARROW@367..369 "->"
      QUALIFIED_NAME@370..389
        IDENT@370..389 "RebuildOrderSummary"
    NEWLINE@389..390 "\\n"
    R_BRACE@390..391 "}"
  NEWLINE@391..392 "\\n"
