---
source: crates/forge-syntax/tests/parser.rs
assertion_line: 146
expression: "format!(\"{}\\n{}\", parse(&a).debug_tree(), parse(&b).debug_tree())"
---
ROOT@0..668
  COMMENT@0..77 "// Cross-cutting governance vocabulary (edition 2027). Taxonomy relationships"
  NEWLINE@77..78 "\\n"
  COMMENT@78..118 "// describe meaning and grant no access."
  NEWLINE@118..119 "\\n"
  PURPOSE_DECL@119..150
    IDENT@119..125 "export"
    IDENT@126..133 "purpose"
    IDENT@134..150 "ServiceProvision"
  NEWLINE@150..151 "\\n"
  PURPOSE_DECL@151..206
    IDENT@151..157 "export"
    IDENT@158..165 "purpose"
    IDENT@166..181 "CustomerSupport"
    EXTENDS_CLAUSE@182..206
      IDENT@182..189 "extends"
      QUALIFIED_NAME@190..206
        IDENT@190..206 "ServiceProvision"
  NEWLINE@206..207 "\\n"
  PURPOSE_DECL@207..266
    IDENT@207..213 "export"
    IDENT@214..221 "purpose"
    IDENT@222..241 "ParentCommunication"
    EXTENDS_CLAUSE@242..266
      IDENT@242..249 "extends"
      QUALIFIED_NAME@250..266
        IDENT@250..266 "ServiceProvision"
  NEWLINE@266..267 "\\n"
  PURPOSE_DECL@267..323
    IDENT@267..273 "export"
    IDENT@274..281 "purpose"
    IDENT@282..298 "OrderFulfillment"
    EXTENDS_CLAUSE@299..323
      IDENT@299..306 "extends"
      QUALIFIED_NAME@307..323
        IDENT@307..323 "ServiceProvision"
  NEWLINE@323..324 "\\n"
  PURPOSE_DECL@324..381
    IDENT@324..330 "export"
    IDENT@331..338 "purpose"
    IDENT@339..356 "PaymentProcessing"
    EXTENDS_CLAUSE@357..381
      IDENT@357..364 "extends"
      QUALIFIED_NAME@365..381
        IDENT@365..381 "OrderFulfillment"
  NEWLINE@381..382 "\\n"
  PURPOSE_DECL@382..406
    IDENT@382..388 "export"
    IDENT@389..396 "purpose"
    IDENT@397..406 "Marketing"
  NEWLINE@406..407 "\\n"
  NEWLINE@407..408 "\\n"
  DATA_CLASS_DECL@408..464
    IDENT@408..414 "export"
    IDENT@415..424 "dataClass"
    IDENT@425..437 "ContactEmail"
    EXTENDS_CLAUSE@438..464
      IDENT@438..445 "extends"
      QUALIFIED_NAME@446..464
        IDENT@446..450 "data"
        DOT@450..451 "."
        IDENT@451..458 "contact"
        DOT@458..459 "."
        IDENT@459..464 "email"
  NEWLINE@464..465 "\\n"
  DATA_CLASS_DECL@465..533
    IDENT@465..471 "export"
    IDENT@472..481 "dataClass"
    IDENT@482..498 "SupportNarrative"
    EXTENDS_CLAUSE@499..533
      IDENT@499..506 "extends"
      QUALIFIED_NAME@507..533
        IDENT@507..511 "data"
        DOT@511..512 "."
        IDENT@512..525 "communication"
        DOT@525..526 "."
        IDENT@526..533 "content"
  NEWLINE@533..534 "\\n"
  NEWLINE@534..535 "\\n"
  TYPE_DECL@535..592
    IDENT@535..541 "export"
    IDENT@542..546 "type"
    IDENT@547..564 "ContactEmailValue"
    EQ@565..566 "="
    TYPE_EXPR@567..572
      TYPE_REF@567..572
        QUALIFIED_NAME@567..572
          IDENT@567..572 "email"
    DECORATOR@573..592
      AT@573..574 "@"
      IDENT@574..578 "data"
      DECORATOR_ARGS@578..592
        L_PAREN@578..579 "("
        DECORATOR_ARG@579..591
          QUALIFIED_NAME@579..591
            IDENT@579..591 "ContactEmail"
        R_PAREN@591..592 ")"
  NEWLINE@592..593 "\\n"
  TYPE_DECL@593..667
    IDENT@593..599 "export"
    IDENT@600..604 "type"
    IDENT@605..621 "SupportNoteValue"
    EQ@622..623 "="
    TYPE_EXPR@624..643
      TYPE_REF@624..628
        QUALIFIED_NAME@624..628
          IDENT@624..628 "text"
      REFINEMENT@629..643
        IDENT@629..635 "length"
        RANGE@636..643
          INT@636..637 "0"
          DOT_DOT@637..639 ".."
          INT@639..643 "4000"
    DECORATOR@644..667
      AT@644..645 "@"
      IDENT@645..649 "data"
      DECORATOR_ARGS@649..667
        L_PAREN@649..650 "("
        DECORATOR_ARG@650..666
          QUALIFIED_NAME@650..666
            IDENT@650..666 "SupportNarrative"
        R_PAREN@666..667 ")"
  NEWLINE@667..668 "\\n"

ROOT@0..1703
  ENUM_DECL@0..89
    IDENT@0..4 "enum"
    IDENT@5..17 "CustomerTier"
    L_BRACE@18..19 "{"
    NEWLINE@19..20 "\\n"
    ENUM_MEMBER@22..43
      IDENT@22..30 "Standard"
      EQ@31..32 "="
      STRING@33..43 "\"standard\""
    NEWLINE@43..44 "\\n"
    ENUM_MEMBER@46..59
      IDENT@46..50 "Gold"
      EQ@51..52 "="
      STRING@53..59 "\"gold\""
    NEWLINE@59..60 "\\n"
    ENUM_MEMBER@62..87
      IDENT@62..72 "Enterprise"
      EQ@73..74 "="
      STRING@75..87 "\"enterprise\""
    NEWLINE@87..88 "\\n"
    R_BRACE@88..89 "}"
  NEWLINE@89..90 "\\n"
  NEWLINE@90..91 "\\n"
  TYPE_DECL@91..143
    IDENT@91..95 "type"
    IDENT@96..108 "CustomerCode"
    EQ@109..110 "="
    TYPE_EXPR@111..143
      TYPE_REF@111..115
        QUALIFIED_NAME@111..115
          IDENT@111..115 "text"
      REFINEMENT@116..120
        IDENT@116..120 "trim"
      REFINEMENT@121..130
        IDENT@121..130 "uppercase"
      REFINEMENT@131..143
        IDENT@131..137 "length"
        RANGE@138..143
          INT@138..139 "3"
          DOT_DOT@139..141 ".."
          INT@141..143 "32"
  NEWLINE@143..144 "\\n"
  NEWLINE@144..145 "\\n"
  RESOURCE_DECL@145..733
    DOC_COMMENT@145..227 "/// Acme is the tenant. A Customer is an organization, not automatically a person."
    NEWLINE@227..228 "\\n"
    IDENT@228..234 "export"
    IDENT@235..243 "resource"
    IDENT@244..252 "Customer"
    NEWLINE@252..253 "\\n"
    DECORATOR@255..262
      AT@255..256 "@"
      IDENT@256..262 "tenant"
    NEWLINE@262..263 "\\n"
    DECORATOR@265..276
      AT@265..266 "@"
      IDENT@266..276 "timestamps"
    NEWLINE@276..277 "\\n"
    DECORATOR@279..289
      AT@279..280 "@"
      IDENT@280..289 "versioned"
    NEWLINE@289..290 "\\n"
    DECORATOR@292..300
      AT@292..293 "@"
      IDENT@293..300 "audited"
    NEWLINE@300..301 "\\n"
    DECORATOR@303..317
      AT@303..304 "@"
      IDENT@304..317 "purposeScoped"
    NEWLINE@317..318 "\\n"
    DECORATOR@320..342
      AT@320..321 "@"
      IDENT@321..325 "crud"
      DECORATOR_ARGS@325..342
        L_PAREN@325..326 "("
        DECORATOR_ARG@326..341
          LITERAL_EXPR@326..341
            STRING@326..341 "\"/v1/customers\""
        R_PAREN@341..342 ")"
    NEWLINE@342..343 "\\n"
    L_BRACE@343..344 "{"
    NEWLINE@344..345 "\\n"
    FIELD_DECL@347..354
      IDENT@347..349 "id"
      COLON@350..351 ":"
      TYPE_EXPR@352..354
        TYPE_REF@352..354
          QUALIFIED_NAME@352..354
            IDENT@352..354 "id"
    NEWLINE@354..355 "\\n"
    FIELD_DECL@357..395
      IDENT@357..361 "code"
      COLON@362..363 ":"
      TYPE_EXPR@364..376
        TYPE_REF@364..376
          QUALIFIED_NAME@364..376
            IDENT@364..376 "CustomerCode"
      DECORATOR@377..384
        AT@377..378 "@"
        IDENT@378..384 "unique"
      DECORATOR@385..395
        AT@385..386 "@"
        IDENT@386..395 "immutable"
    NEWLINE@395..396 "\\n"
    FIELD_DECL@398..423
      IDENT@398..402 "name"
      COLON@403..404 ":"
      TYPE_EXPR@405..423
        TYPE_REF@405..409
          QUALIFIED_NAME@405..409
            IDENT@405..409 "text"
        REFINEMENT@410..423
          IDENT@410..416 "length"
          RANGE@417..423
            INT@417..418 "1"
            DOT_DOT@418..420 ".."
            INT@420..423 "200"
    NEWLINE@423..424 "\\n"
    FIELD_DECL@426..469
      IDENT@426..430 "tier"
      COLON@431..432 ":"
      TYPE_EXPR@433..445
        TYPE_REF@433..445
          QUALIFIED_NAME@433..445
            IDENT@433..445 "CustomerTier"
      EQ@446..447 "="
      DEFAULT_VALUE@448..469
        NAME_EXPR@448..469
          QUALIFIED_NAME@448..469
            IDENT@448..460 "CustomerTier"
            DOT@460..461 "."
            IDENT@461..469 "Standard"
    NEWLINE@469..470 "\\n"
    NEWLINE@470..471 "\\n"
    CAPABILITY_DECL@473..574
      IDENT@473..483 "capability"
      IDENT@484..493 "Directory"
      L_BRACE@494..495 "{"
      NEWLINE@495..496 "\\n"
      CAPABILITY_ITEM@500..526
        IDENT@500..504 "read"
        NAME_SET@505..526
          L_BRACE@505..506 "{"
          QUALIFIED_NAME@507..509
            IDENT@507..509 "id"
          QUALIFIED_NAME@510..514
            IDENT@510..514 "code"
          QUALIFIED_NAME@515..519
            IDENT@515..519 "name"
          QUALIFIED_NAME@520..524
            IDENT@520..524 "tier"
          R_BRACE@525..526 "}"
      NEWLINE@526..527 "\\n"
      CAPABILITY_ITEM@531..551
        IDENT@531..537 "filter"
        NAME_SET@538..551
          L_BRACE@538..539 "{"
          QUALIFIED_NAME@540..544
            IDENT@540..544 "code"
          QUALIFIED_NAME@545..549
            IDENT@545..549 "tier"
          R_BRACE@550..551 "}"
      NEWLINE@551..552 "\\n"
      CAPABILITY_ITEM@556..570
        IDENT@556..561 "order"
        NAME_SET@562..570
          L_BRACE@562..563 "{"
          QUALIFIED_NAME@564..568
            IDENT@564..568 "name"
          R_BRACE@569..570 "}"
      NEWLINE@570..571 "\\n"
      R_BRACE@573..574 "}"
    NEWLINE@574..575 "\\n"
    NEWLINE@575..576 "\\n"
    PURPOSE_BINDING@578..626
      IDENT@578..581 "for"
      QUALIFIED_NAME@582..608
        IDENT@582..592 "governance"
        DOT@592..593 "."
        IDENT@593..608 "CustomerSupport"
      L_BRACE@609..610 "{"
      USE_PURPOSE@611..624
        IDENT@611..614 "use"
        IDENT@615..624 "Directory"
      R_BRACE@625..626 "}"
    NEWLINE@626..627 "\\n"
    PURPOSE_BINDING@629..678
      IDENT@629..632 "for"
      QUALIFIED_NAME@633..660
        IDENT@633..643 "governance"
        DOT@643..644 "."
        IDENT@644..660 "OrderFulfillment"
      L_BRACE@661..662 "{"
      USE_PURPOSE@663..676
        IDENT@663..666 "use"
        IDENT@667..676 "Directory"
      R_BRACE@677..678 "}"
    NEWLINE@678..679 "\\n"
    NEWLINE@679..680 "\\n"
    FIND_DECL@682..694
      IDENT@682..686 "find"
      IDENT@687..689 "by"
      FIELD_LIST@690..694
        IDENT@690..694 "code"
    NEWLINE@694..695 "\\n"
    LIST_DECL@697..731
      IDENT@697..701 "list"
      IDENT@702..704 "by"
      FIELD_LIST@705..709
        IDENT@705..709 "tier"
      NEWLINE@709..710 "\\n"
      IDENT@714..719 "order"
      IDENT@720..722 "by"
      ORDER_LIST@723..731
        ORDER_KEY@723..731
          IDENT@723..727 "name"
          IDENT@728..731 "asc"
    NEWLINE@731..732 "\\n"
    R_BRACE@732..733 "}"
  NEWLINE@733..734 "\\n"
  NEWLINE@734..735 "\\n"
  RESOURCE_DECL@735..1702
    IDENT@735..741 "export"
    IDENT@742..750 "resource"
    IDENT@751..758 "Contact"
    NEWLINE@758..759 "\\n"
    DECORATOR@761..768
      AT@761..762 "@"
      IDENT@762..768 "tenant"
    NEWLINE@768..769 "\\n"
    DECORATOR@771..782
      AT@771..772 "@"
      IDENT@772..782 "timestamps"
    NEWLINE@782..783 "\\n"
    DECORATOR@785..795
      AT@785..786 "@"
      IDENT@786..795 "versioned"
    NEWLINE@795..796 "\\n"
    DECORATOR@798..806
      AT@798..799 "@"
      IDENT@799..806 "audited"
    NEWLINE@806..807 "\\n"
    DECORATOR@809..823
      AT@809..810 "@"
      IDENT@810..823 "purposeScoped"
    NEWLINE@823..824 "\\n"
    DECORATOR@826..842
      AT@826..827 "@"
      IDENT@827..834 "subject"
      DECORATOR_ARGS@834..842
        L_PAREN@834..835 "("
        DECORATOR_ARG@835..841
          QUALIFIED_NAME@835..841
            IDENT@835..841 "person"
        R_PAREN@841..842 ")"
    NEWLINE@842..843 "\\n"
    DECORATOR@845..866
      AT@845..846 "@"
      IDENT@846..850 "crud"
      DECORATOR_ARGS@850..866
        L_PAREN@850..851 "("
        DECORATOR_ARG@851..865
          LITERAL_EXPR@851..865
            STRING@851..865 "\"/v1/contacts\""
        R_PAREN@865..866 ")"
    NEWLINE@866..867 "\\n"
    L_BRACE@867..868 "{"
    NEWLINE@868..869 "\\n"
    FIELD_DECL@871..878
      IDENT@871..873 "id"
      COLON@874..875 ":"
      TYPE_EXPR@876..878
        TYPE_REF@876..878
          QUALIFIED_NAME@876..878
            IDENT@876..878 "id"
    NEWLINE@878..879 "\\n"
    FIELD_DECL@881..900
      IDENT@881..889 "customer"
      COLON@890..891 ":"
      TYPE_EXPR@892..900
        TYPE_REF@892..900
          QUALIFIED_NAME@892..900
            IDENT@892..900 "Customer"
    NEWLINE@900..901 "\\n"
    FIELD_DECL@903..928
      IDENT@903..907 "name"
      COLON@908..909 ":"
      TYPE_EXPR@910..928
        TYPE_REF@910..914
          QUALIFIED_NAME@910..914
            IDENT@910..914 "text"
        REFINEMENT@915..928
          IDENT@915..921 "length"
          RANGE@922..928
            INT@922..923 "1"
            DOT_DOT@923..925 ".."
            INT@925..928 "200"
    NEWLINE@928..929 "\\n"
    FIELD_DECL@931..967
      IDENT@931..936 "email"
      COLON@937..938 ":"
      TYPE_EXPR@939..967
        TYPE_REF@939..967
          QUALIFIED_NAME@939..967
            IDENT@939..949 "governance"
            DOT@949..950 "."
            IDENT@950..967 "ContactEmailValue"
    NEWLINE@967..968 "\\n"
    FIELD_DECL@970..1013
      IDENT@970..982 "supportNotes"
      COLON@983..984 ":"
      TYPE_EXPR@985..1013
        TYPE_REF@985..1012
          QUALIFIED_NAME@985..1012
            IDENT@985..995 "governance"
            DOT@995..996 "."
            IDENT@996..1012 "SupportNoteValue"
        QUESTION@1012..1013 "?"
    NEWLINE@1013..1014 "\\n"
    NEWLINE@1014..1015 "\\n"
    CAPABILITY_DECL@1017..1063
      IDENT@1017..1027 "capability"
      IDENT@1028..1036 "Identity"
      L_BRACE@1037..1038 "{"
      NEWLINE@1038..1039 "\\n"
      CAPABILITY_ITEM@1043..1059
        IDENT@1043..1047 "read"
        NAME_SET@1048..1059
          L_BRACE@1048..1049 "{"
          QUALIFIED_NAME@1050..1052
            IDENT@1050..1052 "id"
          QUALIFIED_NAME@1053..1057
            IDENT@1053..1057 "name"
          R_BRACE@1058..1059 "}"
      NEWLINE@1059..1060 "\\n"
      R_BRACE@1062..1063 "}"
    NEWLINE@1063..1064 "\\n"
    NEWLINE@1064..1065 "\\n"
    CAPABILITY_DECL@1067..1188
      IDENT@1067..1077 "capability"
      IDENT@1078..1089 "ContactRead"
      L_BRACE@1090..1091 "{"
      NEWLINE@1091..1092 "\\n"
      CAPABILITY_ITEM@1096..1113
        IDENT@1096..1104 "includes"
        IDENT@1105..1113 "Identity"
      NEWLINE@1113..1114 "\\n"
      CAPABILITY_ITEM@1118..1141
        IDENT@1118..1122 "read"
        NAME_SET@1123..1141
          L_BRACE@1123..1124 "{"
          QUALIFIED_NAME@1125..1133
            IDENT@1125..1133 "customer"
          QUALIFIED_NAME@1134..1139
            IDENT@1134..1139 "email"
          R_BRACE@1140..1141 "}"
      NEWLINE@1141..1142 "\\n"
      CAPABILITY_ITEM@1146..1165
        IDENT@1146..1152 "filter"
        NAME_SET@1153..1165
          L_BRACE@1153..1154 "{"
          QUALIFIED_NAME@1155..1163
            IDENT@1155..1163 "customer"
          R_BRACE@1164..1165 "}"
      NEWLINE@1165..1166 "\\n"
      CAPABILITY_ITEM@1170..1184
        IDENT@1170..1175 "order"
        NAME_SET@1176..1184
          L_BRACE@1176..1177 "{"
          QUALIFIED_NAME@1178..1182
            IDENT@1178..1182 "name"
          R_BRACE@1183..1184 "}"
      NEWLINE@1184..1185 "\\n"
      R_BRACE@1187..1188 "}"
    NEWLINE@1188..1189 "\\n"
    NEWLINE@1189..1190 "\\n"
    CAPABILITY_DECL@1192..1273
      IDENT@1192..1202 "capability"
      IDENT@1203..1221 "ContactMaintenance"
      L_BRACE@1222..1223 "{"
      NEWLINE@1223..1224 "\\n"
      CAPABILITY_ITEM@1228..1248
        IDENT@1228..1236 "includes"
        IDENT@1237..1248 "ContactRead"
      NEWLINE@1248..1249 "\\n"
      CAPABILITY_ITEM@1253..1269
        IDENT@1253..1259 "update"
        NAME_SET@1260..1269
          L_BRACE@1260..1261 "{"
          QUALIFIED_NAME@1262..1267
            IDENT@1262..1267 "email"
          R_BRACE@1268..1269 "}"
      NEWLINE@1269..1270 "\\n"
      R_BRACE@1272..1273 "}"
    NEWLINE@1273..1274 "\\n"
    NEWLINE@1274..1275 "\\n"
    CAPABILITY_DECL@1277..1393
      IDENT@1277..1287 "capability"
      IDENT@1288..1301 "SupportRecord"
      L_BRACE@1302..1303 "{"
      NEWLINE@1303..1304 "\\n"
      CAPABILITY_ITEM@1308..1335
        IDENT@1308..1316 "includes"
        IDENT@1317..1335 "ContactMaintenance"
      NEWLINE@1335..1336 "\\n"
      CAPABILITY_ITEM@1340..1361
        IDENT@1340..1344 "read"
        NAME_SET@1345..1361
          L_BRACE@1345..1346 "{"
          QUALIFIED_NAME@1347..1359
            IDENT@1347..1359 "supportNotes"
          R_BRACE@1360..1361 "}"
      NEWLINE@1361..1362 "\\n"
      CAPABILITY_ITEM@1366..1389
        IDENT@1366..1372 "update"
        NAME_SET@1373..1389
          L_BRACE@1373..1374 "{"
          QUALIFIED_NAME@1375..1387
            IDENT@1375..1387 "supportNotes"
          R_BRACE@1388..1389 "}"
      NEWLINE@1389..1390 "\\n"
      R_BRACE@1392..1393 "}"
    NEWLINE@1393..1394 "\\n"
    NEWLINE@1394..1395 "\\n"
    CAPABILITY_DECL@1397..1545
      IDENT@1397..1407 "capability"
      IDENT@1408..1420 "AgentSupport"
      L_BRACE@1421..1422 "{"
      NEWLINE@1422..1423 "\\n"
      CAPABILITY_ITEM@1427..1449
        IDENT@1427..1435 "includes"
        IDENT@1436..1449 "SupportRecord"
      NEWLINE@1449..1450 "\\n"
      CAPABILITY_ITEM@1454..1480
        IDENT@1454..1458 "deny"
        IDENT@1459..1463 "read"
        NAME_SET@1464..1480
          L_BRACE@1464..1465 "{"
          QUALIFIED_NAME@1466..1478
            IDENT@1466..1478 "supportNotes"
          R_BRACE@1479..1480 "}"
      NEWLINE@1480..1481 "\\n"
      CAPABILITY_ITEM@1485..1513
        IDENT@1485..1489 "deny"
        IDENT@1490..1496 "update"
        NAME_SET@1497..1513
          L_BRACE@1497..1498 "{"
          QUALIFIED_NAME@1499..1511
            IDENT@1499..1511 "supportNotes"
          R_BRACE@1512..1513 "}"
      NEWLINE@1513..1514 "\\n"
      CAPABILITY_ITEM@1518..1541
        IDENT@1518..1522 "deny"
        IDENT@1523..1530 "actions"
        NAME_SET@1531..1541
          L_BRACE@1531..1532 "{"
          QUALIFIED_NAME@1533..1539
            IDENT@1533..1539 "export"
          R_BRACE@1540..1541 "}"
      NEWLINE@1541..1542 "\\n"
      R_BRACE@1544..1545 "}"
    NEWLINE@1545..1546 "\\n"
    NEWLINE@1546..1547 "\\n"
    PURPOSE_BINDING@1549..1603
      IDENT@1549..1552 "for"
      QUALIFIED_NAME@1553..1583
        IDENT@1553..1563 "governance"
        DOT@1563..1564 "."
        IDENT@1564..1583 "ParentCommunication"
      L_BRACE@1584..1585 "{"
      USE_PURPOSE@1586..1601
        IDENT@1586..1589 "use"
        IDENT@1590..1601 "ContactRead"
      R_BRACE@1602..1603 "}"
    NEWLINE@1603..1604 "\\n"
    PURPOSE_BINDING@1606..1658
      IDENT@1606..1609 "for"
      QUALIFIED_NAME@1610..1636
        IDENT@1610..1620 "governance"
        DOT@1620..1621 "."
        IDENT@1621..1636 "CustomerSupport"
      L_BRACE@1637..1638 "{"
      USE_PURPOSE@1639..1656
        IDENT@1639..1642 "use"
        IDENT@1643..1656 "SupportRecord"
      R_BRACE@1657..1658 "}"
    NEWLINE@1658..1659 "\\n"
    NEWLINE@1659..1660 "\\n"
    LIST_DECL@1662..1700
      IDENT@1662..1666 "list"
      IDENT@1667..1669 "by"
      FIELD_LIST@1670..1678
        IDENT@1670..1678 "customer"
      NEWLINE@1678..1679 "\\n"
      IDENT@1683..1688 "order"
      IDENT@1689..1691 "by"
      ORDER_LIST@1692..1700
        ORDER_KEY@1692..1700
          IDENT@1692..1696 "name"
          IDENT@1697..1700 "asc"
    NEWLINE@1700..1701 "\\n"
    R_BRACE@1701..1702 "}"
  NEWLINE@1702..1703 "\\n"
