---
source: crates/forge-planner/tests/plan.rs
assertion_line: 57
expression: p.dynamo
---
{
  "version": "dynamo-plan/1",
  "identityCodec": "identity.v1",
  "sortCodec": "sort.v1",
  "table": "data",
  "pendingIndex": "pending-index",
  "resources": [
    {
      "id": "@acme/commerce/_/Customer",
      "name": "Customer",
      "wireName": "customer",
      "tenantScoped": true,
      "claims": [
        {
          "name": "code",
          "keyFields": [
            "code"
          ]
        }
      ],
      "access": [
        {
          "name": "all",
          "kind": "list",
          "partitionFields": [],
          "sortFields": [
            "id"
          ],
          "sortDirections": [
            "asc"
          ],
          "projection": [
            "id",
            "version"
          ]
        },
        {
          "name": "byTier",
          "kind": "list",
          "partitionFields": [
            "tier"
          ],
          "sortFields": [
            "name",
            "id"
          ],
          "sortDirections": [
            "asc",
            "asc"
          ],
          "projection": [
            "id",
            "version",
            "tier",
            "name"
          ]
        }
      ],
      "references": [],
      "createActions": 6
    },
    {
      "id": "@acme/commerce/_/Department",
      "name": "Department",
      "wireName": "department",
      "tenantScoped": true,
      "claims": [],
      "access": [
        {
          "name": "all",
          "kind": "list",
          "partitionFields": [],
          "sortFields": [
            "id"
          ],
          "sortDirections": [
            "asc"
          ],
          "projection": [
            "id",
            "version"
          ]
        },
        {
          "name": "byCustomer",
          "kind": "list",
          "partitionFields": [
            "customer"
          ],
          "sortFields": [
            "name",
            "id"
          ],
          "sortDirections": [
            "asc",
            "asc"
          ],
          "projection": [
            "id",
            "version",
            "customer",
            "name"
          ]
        }
      ],
      "references": [
        {
          "field": "customer",
          "target": "@acme/commerce/_/Customer"
        },
        {
          "field": "parent",
          "target": "@acme/commerce/_/Department"
        }
      ],
      "createActions": 7
    },
    {
      "id": "@acme/commerce/_/Order",
      "name": "Order",
      "wireName": "order",
      "tenantScoped": true,
      "claims": [],
      "access": [
        {
          "name": "all",
          "kind": "list",
          "partitionFields": [],
          "sortFields": [
            "id"
          ],
          "sortDirections": [
            "asc"
          ],
          "projection": [
            "id",
            "version"
          ]
        },
        {
          "name": "byCustomer",
          "kind": "list",
          "partitionFields": [
            "customer"
          ],
          "sortFields": [
            "createdAt",
            "id"
          ],
          "sortDirections": [
            "desc",
            "desc"
          ],
          "projection": [
            "id",
            "version",
            "customer",
            "createdAt"
          ]
        },
        {
          "name": "bySiteStatus",
          "kind": "list",
          "partitionFields": [
            "site",
            "status"
          ],
          "sortFields": [
            "createdAt",
            "id"
          ],
          "sortDirections": [
            "desc",
            "desc"
          ],
          "projection": [
            "id",
            "version",
            "site",
            "status",
            "createdAt"
          ]
        }
      ],
      "references": [
        {
          "field": "customer",
          "target": "@acme/commerce/_/Customer"
        },
        {
          "field": "site",
          "target": "@acme/commerce/_/Site"
        }
      ],
      "createActions": 8
    },
    {
      "id": "@acme/commerce/_/OrderDocument",
      "name": "OrderDocument",
      "wireName": "order_document",
      "tenantScoped": true,
      "claims": [],
      "access": [
        {
          "name": "all",
          "kind": "list",
          "partitionFields": [],
          "sortFields": [
            "id"
          ],
          "sortDirections": [
            "asc"
          ],
          "projection": [
            "id",
            "version"
          ]
        },
        {
          "name": "byOrder",
          "kind": "list",
          "partitionFields": [
            "order"
          ],
          "sortFields": [
            "createdAt",
            "id"
          ],
          "sortDirections": [
            "desc",
            "desc"
          ],
          "projection": [
            "id",
            "version",
            "order",
            "createdAt"
          ]
        }
      ],
      "references": [
        {
          "field": "order",
          "target": "@acme/commerce/_/Order"
        }
      ],
      "createActions": 6
    },
    {
      "id": "@acme/commerce/_/Site",
      "name": "Site",
      "wireName": "site",
      "tenantScoped": true,
      "claims": [
        {
          "name": "code_within_customer",
          "keyFields": [
            "customer",
            "code"
          ]
        }
      ],
      "access": [
        {
          "name": "all",
          "kind": "list",
          "partitionFields": [],
          "sortFields": [
            "id"
          ],
          "sortDirections": [
            "asc"
          ],
          "projection": [
            "id",
            "version"
          ]
        },
        {
          "name": "byCustomer",
          "kind": "list",
          "partitionFields": [
            "customer"
          ],
          "sortFields": [
            "name",
            "id"
          ],
          "sortDirections": [
            "asc",
            "asc"
          ],
          "projection": [
            "id",
            "version",
            "customer",
            "name"
          ]
        }
      ],
      "references": [
        {
          "field": "customer",
          "target": "@acme/commerce/_/Customer"
        }
      ],
      "createActions": 7
    },
    {
      "id": "@acme/commerce/_/SitePolicy",
      "name": "SitePolicy",
      "wireName": "site_policy",
      "tenantScoped": true,
      "claims": [],
      "access": [
        {
          "name": "all",
          "kind": "list",
          "partitionFields": [],
          "sortFields": [
            "id"
          ],
          "sortDirections": [
            "asc"
          ],
          "projection": [
            "id",
            "version"
          ]
        },
        {
          "name": "bySite",
          "kind": "list",
          "partitionFields": [
            "site"
          ],
          "sortFields": [
            "effectiveFrom",
            "id"
          ],
          "sortDirections": [
            "desc",
            "desc"
          ],
          "projection": [
            "id",
            "version",
            "site",
            "effectiveFrom"
          ]
        }
      ],
      "references": [
        {
          "field": "site",
          "target": "@acme/commerce/_/Site"
        }
      ],
      "createActions": 6
    }
  ]
}
