---
source: crates/forge-planner/tests/plan.rs
assertion_line: 15
expression: p.contracts
---
{
  "version": "contracts/1",
  "package": "@acme/commerce",
  "resources": [
    {
      "id": "@acme/commerce/_/Customer",
      "name": "Customer",
      "wireName": "customer",
      "tenantScoped": true,
      "softDelete": true,
      "versioned": true,
      "record": {
        "type": "object",
        "properties": {
          "id": {
            "type": "string",
            "x-forge-type": "id",
            "maxLength": 64,
            "pattern": "^[A-Za-z0-9_-]+$",
            "readOnly": true
          },
          "version": {
            "type": "integer",
            "minimum": -9007199254740991,
            "maximum": 9007199254740991,
            "x-forge-type": "integer",
            "readOnly": true
          },
          "createdAt": {
            "type": "string",
            "format": "date-time",
            "x-forge-type": "datetime",
            "x-forge-precision": "ms",
            "readOnly": true
          },
          "updatedAt": {
            "type": "string",
            "format": "date-time",
            "x-forge-type": "datetime",
            "x-forge-precision": "ms",
            "readOnly": true
          },
          "deletedAt": {
            "type": [
              "string",
              "null"
            ],
            "format": "date-time",
            "x-forge-type": "datetime",
            "x-forge-precision": "ms",
            "readOnly": true
          },
          "code": {
            "type": "string",
            "x-forge-type": "text",
            "minLength": 3,
            "maxLength": 32,
            "x-forge-normalizers": [
              "trim",
              "uppercase"
            ]
          },
          "name": {
            "type": "string",
            "x-forge-type": "text",
            "minLength": 1,
            "maxLength": 200
          },
          "email": {
            "type": [
              "string",
              "null"
            ],
            "format": "email",
            "x-forge-type": "email"
          },
          "tier": {
            "type": "string",
            "enum": [
              "standard",
              "gold",
              "enterprise"
            ],
            "x-forge-enum": "@acme/commerce/_/CustomerTier",
            "default": "Standard"
          }
        },
        "required": [
          "id",
          "version",
          "createdAt",
          "updatedAt",
          "deletedAt",
          "code",
          "name",
          "email",
          "tier"
        ],
        "additionalProperties": false
      },
      "create": {
        "type": "object",
        "properties": {
          "code": {
            "type": "string",
            "x-forge-type": "text",
            "minLength": 3,
            "maxLength": 32,
            "x-forge-normalizers": [
              "trim",
              "uppercase"
            ]
          },
          "name": {
            "type": "string",
            "x-forge-type": "text",
            "minLength": 1,
            "maxLength": 200
          },
          "email": {
            "type": [
              "string",
              "null"
            ],
            "format": "email",
            "x-forge-type": "email"
          },
          "tier": {
            "type": "string",
            "enum": [
              "standard",
              "gold",
              "enterprise"
            ],
            "x-forge-enum": "@acme/commerce/_/CustomerTier",
            "default": "Standard"
          }
        },
        "required": [
          "code",
          "name"
        ],
        "additionalProperties": false
      },
      "patch": {
        "type": "object",
        "properties": {
          "name": {
            "type": "string",
            "x-forge-type": "text",
            "minLength": 1,
            "maxLength": 200
          },
          "email": {
            "type": [
              "string",
              "null"
            ],
            "format": "email",
            "x-forge-type": "email"
          },
          "tier": {
            "type": "string",
            "enum": [
              "standard",
              "gold",
              "enterprise"
            ],
            "x-forge-enum": "@acme/commerce/_/CustomerTier",
            "default": "Standard"
          }
        },
        "required": [],
        "additionalProperties": false
      },
      "queries": [
        {
          "name": "byCode",
          "kind": "find",
          "params": [
            "code"
          ],
          "order": []
        },
        {
          "name": "byTier",
          "kind": "list",
          "params": [
            "tier"
          ],
          "order": [
            {
              "field": "name",
              "direction": "asc"
            },
            {
              "field": "id",
              "direction": "asc"
            }
          ]
        }
      ],
      "operations": [
        {
          "id": "@acme/commerce/_/Customer.create",
          "kind": "create",
          "http": {
            "method": "POST",
            "path": "/v1/customers"
          }
        },
        {
          "id": "@acme/commerce/_/Customer.get",
          "kind": "get",
          "http": {
            "method": "GET",
            "path": "/v1/customers/{id}"
          }
        },
        {
          "id": "@acme/commerce/_/Customer.update",
          "kind": "update",
          "http": {
            "method": "PATCH",
            "path": "/v1/customers/{id}"
          }
        },
        {
          "id": "@acme/commerce/_/Customer.delete",
          "kind": "delete",
          "http": {
            "method": "DELETE",
            "path": "/v1/customers/{id}"
          }
        },
        {
          "id": "@acme/commerce/_/Customer.restore",
          "kind": "restore",
          "http": {
            "method": "POST",
            "path": "/v1/customers/{id}/restore"
          }
        },
        {
          "id": "@acme/commerce/_/Customer.find.byCode",
          "kind": "find",
          "query": "byCode",
          "http": {
            "method": "GET",
            "path": "/v1/customers/queries/by-code"
          }
        },
        {
          "id": "@acme/commerce/_/Customer.list.byTier",
          "kind": "list",
          "query": "byTier",
          "http": {
            "method": "GET",
            "path": "/v1/customers/queries/by-tier"
          }
        }
      ]
    },
    {
      "id": "@acme/commerce/_/Order",
      "name": "Order",
      "wireName": "order",
      "tenantScoped": true,
      "softDelete": false,
      "versioned": true,
      "record": {
        "type": "object",
        "properties": {
          "id": {
            "type": "string",
            "x-forge-type": "id",
            "maxLength": 64,
            "pattern": "^[A-Za-z0-9_-]+$",
            "readOnly": true
          },
          "version": {
            "type": "integer",
            "minimum": -9007199254740991,
            "maximum": 9007199254740991,
            "x-forge-type": "integer",
            "readOnly": true
          },
          "createdAt": {
            "type": "string",
            "format": "date-time",
            "x-forge-type": "datetime",
            "x-forge-precision": "ms",
            "readOnly": true
          },
          "updatedAt": {
            "type": "string",
            "format": "date-time",
            "x-forge-type": "datetime",
            "x-forge-precision": "ms",
            "readOnly": true
          },
          "status": {
            "type": "string",
            "enum": [
              "Draft",
              "Completed",
              "Cancelled",
              "Submitted",
              "Approved"
            ],
            "x-forge-status": "@acme/commerce/_/Order",
            "readOnly": true
          },
          "customer": {
            "type": "string",
            "x-forge-reference": "@acme/commerce/_/Customer"
          },
          "site": {
            "type": "string",
            "x-forge-reference": "@acme/commerce/_/Site"
          },
          "subtotal": {
            "type": "string",
            "pattern": "^-?[0-9]+(\\.[0-9]+)?$",
            "x-forge-type": "money",
            "x-forge-currency": "USD",
            "minimum": 0
          },
          "tax": {
            "type": "string",
            "pattern": "^-?[0-9]+(\\.[0-9]+)?$",
            "x-forge-type": "money",
            "x-forge-currency": "USD",
            "minimum": 0
          },
          "total": {
            "type": "string",
            "pattern": "^-?[0-9]+(\\.[0-9]+)?$",
            "x-forge-type": "money",
            "x-forge-currency": "USD",
            "readOnly": true
          },
          "requestedOn": {
            "type": "string",
            "format": "date",
            "x-forge-type": "date"
          },
          "notes": {
            "type": [
              "string",
              "null"
            ],
            "x-forge-type": "text",
            "maxLength": 2000
          }
        },
        "required": [
          "id",
          "version",
          "createdAt",
          "updatedAt",
          "status",
          "customer",
          "site",
          "subtotal",
          "tax",
          "total",
          "requestedOn",
          "notes"
        ],
        "additionalProperties": false
      },
      "create": {
        "type": "object",
        "properties": {
          "customer": {
            "type": "string",
            "x-forge-reference": "@acme/commerce/_/Customer"
          },
          "site": {
            "type": "string",
            "x-forge-reference": "@acme/commerce/_/Site"
          },
          "subtotal": {
            "type": "string",
            "pattern": "^-?[0-9]+(\\.[0-9]+)?$",
            "x-forge-type": "money",
            "x-forge-currency": "USD",
            "minimum": 0
          },
          "tax": {
            "type": "string",
            "pattern": "^-?[0-9]+(\\.[0-9]+)?$",
            "x-forge-type": "money",
            "x-forge-currency": "USD",
            "minimum": 0
          },
          "requestedOn": {
            "type": "string",
            "format": "date",
            "x-forge-type": "date"
          },
          "notes": {
            "type": [
              "string",
              "null"
            ],
            "x-forge-type": "text",
            "maxLength": 2000
          }
        },
        "required": [
          "customer",
          "site",
          "subtotal",
          "tax",
          "requestedOn"
        ],
        "additionalProperties": false
      },
      "patch": {
        "type": "object",
        "properties": {
          "site": {
            "type": "string",
            "x-forge-reference": "@acme/commerce/_/Site"
          },
          "subtotal": {
            "type": "string",
            "pattern": "^-?[0-9]+(\\.[0-9]+)?$",
            "x-forge-type": "money",
            "x-forge-currency": "USD",
            "minimum": 0
          },
          "tax": {
            "type": "string",
            "pattern": "^-?[0-9]+(\\.[0-9]+)?$",
            "x-forge-type": "money",
            "x-forge-currency": "USD",
            "minimum": 0
          },
          "requestedOn": {
            "type": "string",
            "format": "date",
            "x-forge-type": "date"
          },
          "notes": {
            "type": [
              "string",
              "null"
            ],
            "x-forge-type": "text",
            "maxLength": 2000
          }
        },
        "required": [],
        "additionalProperties": false
      },
      "queries": [
        {
          "name": "byCustomer",
          "kind": "list",
          "params": [
            "customer"
          ],
          "order": [
            {
              "field": "createdAt",
              "direction": "desc"
            },
            {
              "field": "id",
              "direction": "asc"
            }
          ]
        },
        {
          "name": "bySiteStatus",
          "kind": "list",
          "params": [
            "site",
            "status"
          ],
          "order": [
            {
              "field": "createdAt",
              "direction": "desc"
            },
            {
              "field": "id",
              "direction": "asc"
            }
          ]
        }
      ],
      "lifecycle": {
        "field": "status",
        "states": [
          "Draft",
          "Completed",
          "Cancelled",
          "Submitted",
          "Approved"
        ],
        "initial": "Draft",
        "actions": [
          {
            "name": "submit",
            "from": [
              "Draft"
            ],
            "to": "Submitted",
            "input": {
              "type": "object",
              "properties": {},
              "required": [],
              "additionalProperties": false
            }
          },
          {
            "name": "approve",
            "from": [
              "Submitted"
            ],
            "to": "Approved",
            "input": {
              "type": "object",
              "properties": {},
              "required": [],
              "additionalProperties": false
            }
          },
          {
            "name": "complete",
            "from": [
              "Approved"
            ],
            "to": "Completed",
            "input": {
              "type": "object",
              "properties": {},
              "required": [],
              "additionalProperties": false
            }
          },
          {
            "name": "cancel",
            "from": [
              "Draft",
              "Submitted",
              "Approved"
            ],
            "to": "Cancelled",
            "input": {
              "type": "object",
              "properties": {
                "reason": {
                  "type": "string",
                  "x-forge-type": "text",
                  "minLength": 1,
                  "maxLength": 500
                }
              },
              "required": [
                "reason"
              ],
              "additionalProperties": false
            }
          }
        ]
      },
      "operations": [
        {
          "id": "@acme/commerce/_/Order.create",
          "kind": "create",
          "http": {
            "method": "POST",
            "path": "/v1/orders"
          }
        },
        {
          "id": "@acme/commerce/_/Order.get",
          "kind": "get",
          "http": {
            "method": "GET",
            "path": "/v1/orders/{id}"
          }
        },
        {
          "id": "@acme/commerce/_/Order.update",
          "kind": "update",
          "http": {
            "method": "PATCH",
            "path": "/v1/orders/{id}"
          }
        },
        {
          "id": "@acme/commerce/_/Order.delete",
          "kind": "delete",
          "http": {
            "method": "DELETE",
            "path": "/v1/orders/{id}"
          }
        },
        {
          "id": "@acme/commerce/_/Order.list.byCustomer",
          "kind": "list",
          "query": "byCustomer",
          "http": {
            "method": "GET",
            "path": "/v1/orders/queries/by-customer"
          }
        },
        {
          "id": "@acme/commerce/_/Order.list.bySiteStatus",
          "kind": "list",
          "query": "bySiteStatus",
          "http": {
            "method": "GET",
            "path": "/v1/orders/queries/by-site-status"
          }
        },
        {
          "id": "@acme/commerce/_/Order.status.submit",
          "kind": "transition",
          "action": "submit"
        },
        {
          "id": "@acme/commerce/_/Order.status.approve",
          "kind": "transition",
          "action": "approve",
          "http": {
            "method": "POST",
            "path": "/v1/orders/{id}/actions/approve"
          }
        },
        {
          "id": "@acme/commerce/_/Order.status.complete",
          "kind": "transition",
          "action": "complete",
          "http": {
            "method": "POST",
            "path": "/v1/orders/{id}/actions/complete"
          }
        },
        {
          "id": "@acme/commerce/_/Order.status.cancel",
          "kind": "transition",
          "action": "cancel",
          "http": {
            "method": "POST",
            "path": "/v1/orders/{id}/actions/cancel"
          }
        }
      ]
    },
    {
      "id": "@acme/commerce/_/Site",
      "name": "Site",
      "wireName": "site",
      "tenantScoped": true,
      "softDelete": false,
      "versioned": true,
      "record": {
        "type": "object",
        "properties": {
          "id": {
            "type": "string",
            "x-forge-type": "id",
            "maxLength": 64,
            "pattern": "^[A-Za-z0-9_-]+$",
            "readOnly": true
          },
          "version": {
            "type": "integer",
            "minimum": -9007199254740991,
            "maximum": 9007199254740991,
            "x-forge-type": "integer",
            "readOnly": true
          },
          "createdAt": {
            "type": "string",
            "format": "date-time",
            "x-forge-type": "datetime",
            "x-forge-precision": "ms",
            "readOnly": true
          },
          "updatedAt": {
            "type": "string",
            "format": "date-time",
            "x-forge-type": "datetime",
            "x-forge-precision": "ms",
            "readOnly": true
          },
          "customer": {
            "type": "string",
            "x-forge-reference": "@acme/commerce/_/Customer"
          },
          "code": {
            "type": "string",
            "x-forge-type": "text",
            "minLength": 2,
            "maxLength": 24,
            "x-forge-normalizers": [
              "trim",
              "uppercase"
            ]
          },
          "name": {
            "type": "string",
            "x-forge-type": "text",
            "minLength": 1,
            "maxLength": 200
          },
          "timezone": {
            "type": "string",
            "x-forge-type": "timezone"
          },
          "enabled": {
            "type": "boolean",
            "default": true
          }
        },
        "required": [
          "id",
          "version",
          "createdAt",
          "updatedAt",
          "customer",
          "code",
          "name",
          "timezone",
          "enabled"
        ],
        "additionalProperties": false
      },
      "create": {
        "type": "object",
        "properties": {
          "customer": {
            "type": "string",
            "x-forge-reference": "@acme/commerce/_/Customer"
          },
          "code": {
            "type": "string",
            "x-forge-type": "text",
            "minLength": 2,
            "maxLength": 24,
            "x-forge-normalizers": [
              "trim",
              "uppercase"
            ]
          },
          "name": {
            "type": "string",
            "x-forge-type": "text",
            "minLength": 1,
            "maxLength": 200
          },
          "timezone": {
            "type": "string",
            "x-forge-type": "timezone"
          },
          "enabled": {
            "type": "boolean",
            "default": true
          }
        },
        "required": [
          "customer",
          "code",
          "name",
          "timezone"
        ],
        "additionalProperties": false
      },
      "patch": {
        "type": "object",
        "properties": {
          "name": {
            "type": "string",
            "x-forge-type": "text",
            "minLength": 1,
            "maxLength": 200
          },
          "timezone": {
            "type": "string",
            "x-forge-type": "timezone"
          },
          "enabled": {
            "type": "boolean",
            "default": true
          }
        },
        "required": [],
        "additionalProperties": false
      },
      "queries": [
        {
          "name": "byCustomerCode",
          "kind": "find",
          "params": [
            "customer",
            "code"
          ],
          "order": []
        },
        {
          "name": "byCustomer",
          "kind": "list",
          "params": [
            "customer"
          ],
          "order": [
            {
              "field": "name",
              "direction": "asc"
            },
            {
              "field": "id",
              "direction": "asc"
            }
          ]
        }
      ],
      "operations": [
        {
          "id": "@acme/commerce/_/Site.create",
          "kind": "create",
          "http": {
            "method": "POST",
            "path": "/v1/sites"
          }
        },
        {
          "id": "@acme/commerce/_/Site.get",
          "kind": "get",
          "http": {
            "method": "GET",
            "path": "/v1/sites/{id}"
          }
        },
        {
          "id": "@acme/commerce/_/Site.update",
          "kind": "update",
          "http": {
            "method": "PATCH",
            "path": "/v1/sites/{id}"
          }
        },
        {
          "id": "@acme/commerce/_/Site.delete",
          "kind": "delete",
          "http": {
            "method": "DELETE",
            "path": "/v1/sites/{id}"
          }
        },
        {
          "id": "@acme/commerce/_/Site.find.byCustomerCode",
          "kind": "find",
          "query": "byCustomerCode",
          "http": {
            "method": "GET",
            "path": "/v1/sites/queries/by-customer-code"
          }
        },
        {
          "id": "@acme/commerce/_/Site.list.byCustomer",
          "kind": "list",
          "query": "byCustomer",
          "http": {
            "method": "GET",
            "path": "/v1/sites/queries/by-customer"
          }
        }
      ]
    }
  ],
  "functions": [
    {
      "id": "@acme/commerce/_/FulfillOrder",
      "name": "FulfillOrder",
      "errors": [],
      "generated": false
    },
    {
      "id": "@acme/commerce/_/RebuildOrderSummary",
      "name": "RebuildOrderSummary",
      "errors": [],
      "generated": false
    },
    {
      "id": "@acme/commerce/_/SubmitOrder",
      "name": "SubmitOrder",
      "http": {
        "method": "POST",
        "path": "/v1/orders/{order}/submit"
      },
      "errors": [
        "SiteDisabled",
        "PaymentDeclined",
        "PaymentUnavailable"
      ],
      "generated": false
    }
  ]
}
