---
source: crates/forge-planner/tests/plan.rs
assertion_line: 92
expression: p.ui
---
{
  "version": "ui/1",
  "package": "@acme/commerce",
  "resources": [
    {
      "id": "@acme/commerce/_/Customer",
      "name": "Customer",
      "kind": "resource",
      "label": "Customer",
      "plural": "Customers",
      "route": "customers",
      "titleField": "name",
      "fields": [
        {
          "name": "id",
          "label": "Id",
          "widget": "readonly",
          "required": false,
          "editableOnCreate": false,
          "editableOnUpdate": false,
          "sortable": true
        },
        {
          "name": "code",
          "label": "Code",
          "widget": "text",
          "required": true,
          "editableOnCreate": true,
          "editableOnUpdate": false,
          "sortable": true,
          "minLength": 3,
          "maxLength": 32
        },
        {
          "name": "name",
          "label": "Name",
          "widget": "text",
          "required": true,
          "editableOnCreate": true,
          "editableOnUpdate": true,
          "sortable": true,
          "minLength": 1,
          "maxLength": 200
        },
        {
          "name": "email",
          "label": "Email",
          "widget": "email",
          "required": false,
          "editableOnCreate": true,
          "editableOnUpdate": true,
          "sortable": true
        },
        {
          "name": "tier",
          "label": "Tier",
          "widget": "select",
          "required": false,
          "editableOnCreate": true,
          "editableOnUpdate": true,
          "sortable": true,
          "options": [
            {
              "value": "standard",
              "label": "Standard"
            },
            {
              "value": "gold",
              "label": "Gold"
            },
            {
              "value": "enterprise",
              "label": "Enterprise"
            }
          ]
        },
        {
          "name": "version",
          "label": "Version",
          "widget": "readonly",
          "required": false,
          "editableOnCreate": false,
          "editableOnUpdate": false,
          "sortable": true
        },
        {
          "name": "createdAt",
          "label": "Created At",
          "widget": "readonly",
          "required": false,
          "editableOnCreate": false,
          "editableOnUpdate": false,
          "sortable": true
        },
        {
          "name": "updatedAt",
          "label": "Updated At",
          "widget": "readonly",
          "required": false,
          "editableOnCreate": false,
          "editableOnUpdate": false,
          "sortable": true
        },
        {
          "name": "deletedAt",
          "label": "Deleted At",
          "widget": "readonly",
          "required": false,
          "editableOnCreate": false,
          "editableOnUpdate": false,
          "sortable": true
        }
      ],
      "tableColumns": [
        "name",
        "code",
        "email",
        "tier"
      ],
      "lists": [
        {
          "name": "all",
          "op": "@acme/commerce/_/Customer.list.all",
          "params": [],
          "label": "All"
        },
        {
          "name": "byTier",
          "op": "@acme/commerce/_/Customer.list.byTier",
          "params": [
            "tier"
          ],
          "label": "By Tier"
        }
      ],
      "finds": [
        {
          "name": "byCode",
          "op": "@acme/commerce/_/Customer.find.byCode",
          "params": [
            "code"
          ]
        }
      ],
      "actions": [],
      "softDelete": true,
      "versioned": true
    },
    {
      "id": "@acme/commerce/_/Department",
      "name": "Department",
      "kind": "resource",
      "label": "Department",
      "plural": "Departments",
      "route": "departments",
      "titleField": "name",
      "fields": [
        {
          "name": "id",
          "label": "Id",
          "widget": "readonly",
          "required": false,
          "editableOnCreate": false,
          "editableOnUpdate": false,
          "sortable": true
        },
        {
          "name": "customer",
          "label": "Customer",
          "widget": "reference",
          "required": true,
          "editableOnCreate": true,
          "editableOnUpdate": false,
          "sortable": false,
          "reference": {
            "resource": "@acme/commerce/_/Customer",
            "route": "customer",
            "titleField": "name",
            "lookup": "@acme/commerce/_/Customer.list.all",
            "lookupParams": [],
            "find": "@acme/commerce/_/Customer.find.byCode"
          }
        },
        {
          "name": "name",
          "label": "Name",
          "widget": "text",
          "required": true,
          "editableOnCreate": true,
          "editableOnUpdate": true,
          "sortable": true,
          "minLength": 1,
          "maxLength": 100
        },
        {
          "name": "version",
          "label": "Version",
          "widget": "readonly",
          "required": false,
          "editableOnCreate": false,
          "editableOnUpdate": false,
          "sortable": true
        },
        {
          "name": "createdAt",
          "label": "Created At",
          "widget": "readonly",
          "required": false,
          "editableOnCreate": false,
          "editableOnUpdate": false,
          "sortable": true
        },
        {
          "name": "updatedAt",
          "label": "Updated At",
          "widget": "readonly",
          "required": false,
          "editableOnCreate": false,
          "editableOnUpdate": false,
          "sortable": true
        },
        {
          "name": "parent",
          "label": "Parent",
          "widget": "reference",
          "required": false,
          "editableOnCreate": false,
          "editableOnUpdate": false,
          "sortable": false,
          "reference": {
            "resource": "@acme/commerce/_/Department",
            "route": "department",
            "titleField": "name",
            "lookup": "@acme/commerce/_/Department.list.all",
            "lookupParams": []
          }
        }
      ],
      "tableColumns": [
        "name",
        "customer",
        "parent"
      ],
      "lists": [
        {
          "name": "all",
          "op": "@acme/commerce/_/Department.list.all",
          "params": [],
          "label": "All"
        },
        {
          "name": "byCustomer",
          "op": "@acme/commerce/_/Department.list.byCustomer",
          "params": [
            "customer"
          ],
          "label": "By Customer"
        }
      ],
      "finds": [],
      "actions": [],
      "softDelete": false,
      "versioned": true
    },
    {
      "id": "@acme/commerce/_/Order",
      "name": "Order",
      "kind": "resource",
      "label": "Order",
      "plural": "Orders",
      "route": "orders",
      "titleField": "id",
      "fields": [
        {
          "name": "id",
          "label": "Id",
          "widget": "readonly",
          "required": false,
          "editableOnCreate": false,
          "editableOnUpdate": false,
          "sortable": true
        },
        {
          "name": "customer",
          "label": "Customer",
          "widget": "reference",
          "required": true,
          "editableOnCreate": true,
          "editableOnUpdate": false,
          "sortable": false,
          "reference": {
            "resource": "@acme/commerce/_/Customer",
            "route": "customer",
            "titleField": "name",
            "lookup": "@acme/commerce/_/Customer.list.all",
            "lookupParams": [],
            "find": "@acme/commerce/_/Customer.find.byCode"
          }
        },
        {
          "name": "site",
          "label": "Site",
          "widget": "reference",
          "required": true,
          "editableOnCreate": true,
          "editableOnUpdate": true,
          "sortable": false,
          "reference": {
            "resource": "@acme/commerce/_/Site",
            "route": "site",
            "titleField": "name",
            "lookup": "@acme/commerce/_/Site.list.all",
            "lookupParams": [],
            "find": "@acme/commerce/_/Site.find.byCustomerCode"
          }
        },
        {
          "name": "subtotal",
          "label": "Subtotal",
          "widget": "decimal",
          "required": true,
          "editableOnCreate": true,
          "editableOnUpdate": true,
          "sortable": true,
          "currency": "USD"
        },
        {
          "name": "tax",
          "label": "Tax",
          "widget": "decimal",
          "required": true,
          "editableOnCreate": true,
          "editableOnUpdate": true,
          "sortable": true,
          "currency": "USD"
        },
        {
          "name": "total",
          "label": "Total",
          "widget": "readonly",
          "required": false,
          "editableOnCreate": false,
          "editableOnUpdate": false,
          "sortable": true,
          "currency": "USD"
        },
        {
          "name": "requestedOn",
          "label": "Requested On",
          "widget": "date",
          "required": true,
          "editableOnCreate": true,
          "editableOnUpdate": true,
          "sortable": true
        },
        {
          "name": "notes",
          "label": "Notes",
          "widget": "textarea",
          "required": false,
          "editableOnCreate": true,
          "editableOnUpdate": true,
          "sortable": true,
          "maxLength": 2000
        },
        {
          "name": "version",
          "label": "Version",
          "widget": "readonly",
          "required": false,
          "editableOnCreate": false,
          "editableOnUpdate": false,
          "sortable": true
        },
        {
          "name": "createdAt",
          "label": "Created At",
          "widget": "readonly",
          "required": false,
          "editableOnCreate": false,
          "editableOnUpdate": false,
          "sortable": true
        },
        {
          "name": "updatedAt",
          "label": "Updated At",
          "widget": "readonly",
          "required": false,
          "editableOnCreate": false,
          "editableOnUpdate": false,
          "sortable": true
        },
        {
          "name": "status",
          "label": "Status",
          "widget": "status",
          "required": false,
          "editableOnCreate": false,
          "editableOnUpdate": false,
          "sortable": false
        }
      ],
      "tableColumns": [
        "status",
        "id",
        "customer",
        "site",
        "subtotal",
        "tax",
        "total"
      ],
      "lists": [
        {
          "name": "all",
          "op": "@acme/commerce/_/Order.list.all",
          "params": [],
          "label": "All"
        },
        {
          "name": "byCustomer",
          "op": "@acme/commerce/_/Order.list.byCustomer",
          "params": [
            "customer"
          ],
          "label": "By Customer"
        },
        {
          "name": "bySiteStatus",
          "op": "@acme/commerce/_/Order.list.bySiteStatus",
          "params": [
            "site",
            "status"
          ],
          "label": "By Site & Status"
        }
      ],
      "finds": [],
      "actions": [
        {
          "name": "approve",
          "label": "Approve",
          "op": "@acme/commerce/_/Order.status.approve",
          "from": [
            "Submitted"
          ],
          "to": "Approved",
          "inputFields": []
        },
        {
          "name": "complete",
          "label": "Complete",
          "op": "@acme/commerce/_/Order.status.complete",
          "from": [
            "Approved"
          ],
          "to": "Completed",
          "inputFields": []
        },
        {
          "name": "cancel",
          "label": "Cancel",
          "op": "@acme/commerce/_/Order.status.cancel",
          "from": [
            "Draft",
            "Submitted",
            "Approved"
          ],
          "to": "Cancelled",
          "inputFields": [
            {
              "name": "reason",
              "label": "Reason",
              "widget": "textarea",
              "required": true,
              "editableOnCreate": true,
              "editableOnUpdate": true,
              "sortable": true,
              "minLength": 1,
              "maxLength": 500
            }
          ]
        }
      ],
      "softDelete": false,
      "versioned": true
    },
    {
      "id": "@acme/commerce/_/OrderDocument",
      "name": "OrderDocument",
      "kind": "blob",
      "label": "Order Document",
      "plural": "Order Documents",
      "route": "order-documents",
      "titleField": "label",
      "fields": [
        {
          "name": "id",
          "label": "Id",
          "widget": "readonly",
          "required": false,
          "editableOnCreate": false,
          "editableOnUpdate": false,
          "sortable": true
        },
        {
          "name": "order",
          "label": "Order",
          "widget": "reference",
          "required": true,
          "editableOnCreate": true,
          "editableOnUpdate": false,
          "sortable": false,
          "reference": {
            "resource": "@acme/commerce/_/Order",
            "route": "order",
            "titleField": "id",
            "lookup": "@acme/commerce/_/Order.list.all",
            "lookupParams": []
          }
        },
        {
          "name": "kind",
          "label": "Kind",
          "widget": "text",
          "required": true,
          "editableOnCreate": true,
          "editableOnUpdate": true,
          "sortable": true,
          "minLength": 1,
          "maxLength": 32
        },
        {
          "name": "label",
          "label": "Label",
          "widget": "text",
          "required": true,
          "editableOnCreate": true,
          "editableOnUpdate": true,
          "sortable": true,
          "minLength": 1,
          "maxLength": 200
        },
        {
          "name": "version",
          "label": "Version",
          "widget": "readonly",
          "required": false,
          "editableOnCreate": false,
          "editableOnUpdate": false,
          "sortable": true
        },
        {
          "name": "createdAt",
          "label": "Created At",
          "widget": "readonly",
          "required": false,
          "editableOnCreate": false,
          "editableOnUpdate": false,
          "sortable": true
        },
        {
          "name": "updatedAt",
          "label": "Updated At",
          "widget": "readonly",
          "required": false,
          "editableOnCreate": false,
          "editableOnUpdate": false,
          "sortable": true
        },
        {
          "name": "uploadState",
          "label": "Upload State",
          "widget": "readonly",
          "required": false,
          "editableOnCreate": false,
          "editableOnUpdate": false,
          "sortable": true
        },
        {
          "name": "mediaType",
          "label": "Media Type",
          "widget": "readonly",
          "required": false,
          "editableOnCreate": false,
          "editableOnUpdate": false,
          "sortable": true
        },
        {
          "name": "byteCount",
          "label": "Byte Count",
          "widget": "readonly",
          "required": false,
          "editableOnCreate": false,
          "editableOnUpdate": false,
          "sortable": true
        },
        {
          "name": "digest",
          "label": "Digest",
          "widget": "readonly",
          "required": false,
          "editableOnCreate": false,
          "editableOnUpdate": false,
          "sortable": true
        }
      ],
      "tableColumns": [
        "label",
        "order",
        "kind",
        "mediaType",
        "byteCount",
        "digest",
        "uploadState"
      ],
      "lists": [
        {
          "name": "all",
          "op": "@acme/commerce/_/OrderDocument.list.all",
          "params": [],
          "label": "All"
        },
        {
          "name": "byOrder",
          "op": "@acme/commerce/_/OrderDocument.list.byOrder",
          "params": [
            "order"
          ],
          "label": "By Order"
        }
      ],
      "finds": [],
      "actions": [],
      "softDelete": false,
      "versioned": true,
      "content": {
        "mediaTypes": [
          "application/pdf",
          "image/png",
          "image/jpeg"
        ],
        "maxBytes": 10485760
      }
    },
    {
      "id": "@acme/commerce/_/Site",
      "name": "Site",
      "kind": "resource",
      "label": "Site",
      "plural": "Sites",
      "route": "sites",
      "titleField": "name",
      "fields": [
        {
          "name": "id",
          "label": "Id",
          "widget": "readonly",
          "required": false,
          "editableOnCreate": false,
          "editableOnUpdate": false,
          "sortable": true
        },
        {
          "name": "customer",
          "label": "Customer",
          "widget": "reference",
          "required": true,
          "editableOnCreate": true,
          "editableOnUpdate": false,
          "sortable": false,
          "reference": {
            "resource": "@acme/commerce/_/Customer",
            "route": "customer",
            "titleField": "name",
            "lookup": "@acme/commerce/_/Customer.list.all",
            "lookupParams": [],
            "find": "@acme/commerce/_/Customer.find.byCode"
          }
        },
        {
          "name": "code",
          "label": "Code",
          "widget": "text",
          "required": true,
          "editableOnCreate": true,
          "editableOnUpdate": false,
          "sortable": true,
          "minLength": 2,
          "maxLength": 24
        },
        {
          "name": "name",
          "label": "Name",
          "widget": "text",
          "required": true,
          "editableOnCreate": true,
          "editableOnUpdate": true,
          "sortable": true,
          "minLength": 1,
          "maxLength": 200
        },
        {
          "name": "timezone",
          "label": "Timezone",
          "widget": "timezone",
          "required": true,
          "editableOnCreate": true,
          "editableOnUpdate": true,
          "sortable": true
        },
        {
          "name": "enabled",
          "label": "Enabled",
          "widget": "checkbox",
          "required": false,
          "editableOnCreate": true,
          "editableOnUpdate": true,
          "sortable": true
        },
        {
          "name": "version",
          "label": "Version",
          "widget": "readonly",
          "required": false,
          "editableOnCreate": false,
          "editableOnUpdate": false,
          "sortable": true
        },
        {
          "name": "createdAt",
          "label": "Created At",
          "widget": "readonly",
          "required": false,
          "editableOnCreate": false,
          "editableOnUpdate": false,
          "sortable": true
        },
        {
          "name": "updatedAt",
          "label": "Updated At",
          "widget": "readonly",
          "required": false,
          "editableOnCreate": false,
          "editableOnUpdate": false,
          "sortable": true
        }
      ],
      "tableColumns": [
        "name",
        "customer",
        "code",
        "timezone",
        "enabled"
      ],
      "lists": [
        {
          "name": "all",
          "op": "@acme/commerce/_/Site.list.all",
          "params": [],
          "label": "All"
        },
        {
          "name": "byCustomer",
          "op": "@acme/commerce/_/Site.list.byCustomer",
          "params": [
            "customer"
          ],
          "label": "By Customer"
        }
      ],
      "finds": [
        {
          "name": "byCustomerCode",
          "op": "@acme/commerce/_/Site.find.byCustomerCode",
          "params": [
            "customer",
            "code"
          ]
        }
      ],
      "actions": [],
      "softDelete": false,
      "versioned": true
    },
    {
      "id": "@acme/commerce/_/SitePolicy",
      "name": "SitePolicy",
      "kind": "resource",
      "label": "Site Policy",
      "plural": "Site Policys",
      "route": "site-policys",
      "titleField": "id",
      "fields": [
        {
          "name": "id",
          "label": "Id",
          "widget": "readonly",
          "required": false,
          "editableOnCreate": false,
          "editableOnUpdate": false,
          "sortable": true
        },
        {
          "name": "site",
          "label": "Site",
          "widget": "reference",
          "required": true,
          "editableOnCreate": true,
          "editableOnUpdate": false,
          "sortable": false,
          "reference": {
            "resource": "@acme/commerce/_/Site",
            "route": "site",
            "titleField": "name",
            "lookup": "@acme/commerce/_/Site.list.all",
            "lookupParams": [],
            "find": "@acme/commerce/_/Site.find.byCustomerCode"
          }
        },
        {
          "name": "maxOrderTotal",
          "label": "Max Order Total",
          "widget": "decimal",
          "required": true,
          "editableOnCreate": true,
          "editableOnUpdate": true,
          "sortable": true,
          "currency": "USD"
        },
        {
          "name": "requiresApproval",
          "label": "Requires Approval",
          "widget": "checkbox",
          "required": false,
          "editableOnCreate": true,
          "editableOnUpdate": true,
          "sortable": true
        },
        {
          "name": "version",
          "label": "Version",
          "widget": "readonly",
          "required": false,
          "editableOnCreate": false,
          "editableOnUpdate": false,
          "sortable": true
        },
        {
          "name": "createdAt",
          "label": "Created At",
          "widget": "readonly",
          "required": false,
          "editableOnCreate": false,
          "editableOnUpdate": false,
          "sortable": true
        },
        {
          "name": "updatedAt",
          "label": "Updated At",
          "widget": "readonly",
          "required": false,
          "editableOnCreate": false,
          "editableOnUpdate": false,
          "sortable": true
        },
        {
          "name": "effectiveFrom",
          "label": "Effective From",
          "widget": "datetime",
          "required": false,
          "editableOnCreate": false,
          "editableOnUpdate": false,
          "sortable": true
        },
        {
          "name": "effectiveUntil",
          "label": "Effective Until",
          "widget": "datetime",
          "required": false,
          "editableOnCreate": false,
          "editableOnUpdate": false,
          "sortable": true
        }
      ],
      "tableColumns": [
        "id",
        "site",
        "maxOrderTotal",
        "requiresApproval",
        "effectiveFrom",
        "effectiveUntil"
      ],
      "lists": [
        {
          "name": "all",
          "op": "@acme/commerce/_/SitePolicy.list.all",
          "params": [],
          "label": "All"
        },
        {
          "name": "bySite",
          "op": "@acme/commerce/_/SitePolicy.list.bySite",
          "params": [
            "site"
          ],
          "label": "By Site"
        }
      ],
      "finds": [],
      "actions": [],
      "softDelete": false,
      "versioned": true
    }
  ]
}
